Archive member included to satisfy reference by file (symbol)

build\Core\libPWMDivider.a(main.o)
                              c:/users/kaz/development/gcc-arm-none-eabi-9-2020-q2-update-win32/bin/../lib/gcc/arm-none-eabi/9.3.1/../../../../arm-none-eabi/lib/thumb/v7e-m+fp/hard/crt0.o (main)
build\Core\libPWMDivider.a(stm32l4_interrupts.o)
                              build\startup_stm32l412xx.o (ADC1_2_IRQHandler)
build\Core\libPWMDivider.a(stm32l4xx_hal_msp.o)
                              main.o (symbol from plugin) (HAL_TIM_MspPostInit)
build\Core\libPWMDivider.a(system_stm32l4xx.o)
                              build\startup_stm32l412xx.o (SystemInit)
build\Core\libPWMDivider.a(StackTraits.o)
                              main.o (symbol from plugin) (boost::context::stack_traits::default_size())
build\Drivers\STM32L4xx_HAL_Driver\libSTM32L4xx_HAL_Driver.a(stm32l4xx_hal.o)
                              main.o (symbol from plugin) (HAL_Init)
build\Drivers\STM32L4xx_HAL_Driver\libSTM32L4xx_HAL_Driver.a(stm32l4xx_hal_cortex.o)
                              stm32l4xx_hal.o (symbol from plugin) (HAL_NVIC_SetPriorityGrouping)
build\Drivers\STM32L4xx_HAL_Driver\libSTM32L4xx_HAL_Driver.a(stm32l4xx_hal_gpio.o)
                              main.o (symbol from plugin) (HAL_GPIO_Init)
build\Drivers\STM32L4xx_HAL_Driver\libSTM32L4xx_HAL_Driver.a(stm32l4xx_hal_i2c.o)
                              main.o (symbol from plugin) (HAL_I2C_Init)
build\Drivers\STM32L4xx_HAL_Driver\libSTM32L4xx_HAL_Driver.a(stm32l4xx_hal_i2c_ex.o)
                              main.o (symbol from plugin) (HAL_I2CEx_ConfigAnalogFilter)
build\Drivers\STM32L4xx_HAL_Driver\libSTM32L4xx_HAL_Driver.a(stm32l4xx_hal_pwr.o)
                              main.o (symbol from plugin) (HAL_PWR_EnableBkUpAccess)
build\Drivers\STM32L4xx_HAL_Driver\libSTM32L4xx_HAL_Driver.a(stm32l4xx_hal_pwr_ex.o)
                              main.o (symbol from plugin) (HAL_PWREx_ControlVoltageScaling)
build\Drivers\STM32L4xx_HAL_Driver\libSTM32L4xx_HAL_Driver.a(stm32l4xx_hal_rcc.o)
                              main.o (symbol from plugin) (HAL_RCC_OscConfig)
build\Drivers\STM32L4xx_HAL_Driver\libSTM32L4xx_HAL_Driver.a(stm32l4xx_hal_rcc_ex.o)
                              main.o (symbol from plugin) (HAL_RCCEx_PeriphCLKConfig)
build\Drivers\STM32L4xx_HAL_Driver\libSTM32L4xx_HAL_Driver.a(stm32l4xx_hal_tim.o)
                              main.o (symbol from plugin) (HAL_TIM_ConfigClockSource)
build\Drivers\STM32L4xx_HAL_Driver\libSTM32L4xx_HAL_Driver.a(stm32l4xx_hal_tim_ex.o)
                              stm32l4xx_hal_tim.o (symbol from plugin) (TIMEx_DMACommutationCplt)
build\Drivers\STM32L4xx_HAL_Driver\libSTM32L4xx_HAL_Driver.a(stm32l4xx_hal_dma.o)
                              stm32l4xx_hal_i2c.o (symbol from plugin) (HAL_DMA_Start_IT)
build\boost_1_74_0\libs\fiber\libboost_fiber.a(context.o)
                              main.o (symbol from plugin) (boost::fibers::context::terminate())
build\boost_1_74_0\libs\fiber\libboost_fiber.a(fiber.o)
                              main.o (symbol from plugin) (boost::fibers::fiber::start_())
build\boost_1_74_0\libs\fiber\libboost_fiber.a(scheduler.o)
                              context.o (symbol from plugin) (boost::fibers::scheduler::dispatch())
build\boost_1_74_0\libs\fiber\libboost_fiber.a(round_robin.o)
                              scheduler.o (symbol from plugin) (vtable for boost::fibers::algo::round_robin)
build\boost_1_74_0\libs\context\libboost_context.a(jump_arm_aapcs_elf_gas.o)
                              main.o (symbol from plugin) (jump_fcontext)
build\boost_1_74_0\libs\context\libboost_context.a(make_arm_aapcs_elf_gas.o)
                              main.o (symbol from plugin) (make_fcontext)
build\boost_1_74_0\libs\context\libboost_context.a(ontop_arm_aapcs_elf_gas.o)
                              main.o (symbol from plugin) (ontop_fcontext)
c:/users/kaz/development/gcc-arm-none-eabi-9-2020-q2-update-win32/bin/../lib/gcc/arm-none-eabi/9.3.1/../../../../arm-none-eabi/lib/thumb/v7e-m+fp/hard\libc_nano.a(lib_a-exit.o)
                              c:/users/kaz/development/gcc-arm-none-eabi-9-2020-q2-update-win32/bin/../lib/gcc/arm-none-eabi/9.3.1/../../../../arm-none-eabi/lib/thumb/v7e-m+fp/hard/crt0.o (exit)
c:/users/kaz/development/gcc-arm-none-eabi-9-2020-q2-update-win32/bin/../lib/gcc/arm-none-eabi/9.3.1/../../../../arm-none-eabi/lib/thumb/v7e-m+fp/hard\libc_nano.a(lib_a-impure.o)
                              c:/users/kaz/development/gcc-arm-none-eabi-9-2020-q2-update-win32/bin/../lib/gcc/arm-none-eabi/9.3.1/../../../../arm-none-eabi/lib/thumb/v7e-m+fp/hard\libc_nano.a(lib_a-exit.o) (_global_impure_ptr)
c:/users/kaz/development/gcc-arm-none-eabi-9-2020-q2-update-win32/bin/../lib/gcc/arm-none-eabi/9.3.1/../../../../arm-none-eabi/lib/thumb/v7e-m+fp/hard\libc_nano.a(lib_a-init.o)
[...]
Memory Configuration

Name             Origin             Length             Attributes
RAM              0x20000000         0x0000a000         xrw
FLASH            0x08000000         0x00020000         xr
*default*        0x00000000         0xffffffff

Linker script and memory map

LOAD c:/users/kaz/development/gcc-arm-none-eabi-9-2020-q2-update-win32/bin/../lib/gcc/arm-none-eabi/9.3.1/thumb/v7e-m+fp/hard/crti.o
LOAD c:/users/kaz/development/gcc-arm-none-eabi-9-2020-q2-update-win32/bin/../lib/gcc/arm-none-eabi/9.3.1/thumb/v7e-m+fp/hard/crtbegin.o
LOAD c:/users/kaz/development/gcc-arm-none-eabi-9-2020-q2-update-win32/bin/../lib/gcc/arm-none-eabi/9.3.1/../../../../arm-none-eabi/lib/thumb/v7e-m+fp/hard/crt0.o
LOAD build\startup_stm32l412xx.o
LOAD C:\Users\kaz\AppData\Local\Temp\PWMDivider.debug.M2WOVB.ltrans0.ltrans.o
LOAD build\Core\libPWMDivider.a
LOAD build\Drivers\STM32L4xx_HAL_Driver\libSTM32L4xx_HAL_Driver.a
LOAD build\boost_1_74_0\libs\fiber\libboost_fiber.a
LOAD build\boost_1_74_0\libs\context\libboost_context.a
LOAD build\boost_1_74_0\libs\libsystem.a
LOAD c:/users/kaz/development/gcc-arm-none-eabi-9-2020-q2-update-win32/bin/../lib/gcc/arm-none-eabi/9.3.1/../../../../arm-none-eabi/lib/thumb/v7e-m+fp/hard\libc_nano.a
LOAD c:/users/kaz/development/gcc-arm-none-eabi-9-2020-q2-update-win32/bin/../lib/gcc/arm-none-eabi/9.3.1/../../../../arm-none-eabi/lib/thumb/v7e-m+fp/hard\libm.a
LOAD c:/users/kaz/development/gcc-arm-none-eabi-9-2020-q2-update-win32/bin/../lib/gcc/arm-none-eabi/9.3.1/../../../../arm-none-eabi/lib/thumb/v7e-m+fp/hard\libnosys.a
LOAD c:/users/kaz/development/gcc-arm-none-eabi-9-2020-q2-update-win32/bin/../lib/gcc/arm-none-eabi/9.3.1/../../../../arm-none-eabi/lib/thumb/v7e-m+fp/hard\libstdc++_nano.a
START GROUP
LOAD c:/users/kaz/development/gcc-arm-none-eabi-9-2020-q2-update-win32/bin/../lib/gcc/arm-none-eabi/9.3.1/thumb/v7e-m+fp/hard\libgcc.a
LOAD c:/users/kaz/development/gcc-arm-none-eabi-9-2020-q2-update-win32/bin/../lib/gcc/arm-none-eabi/9.3.1/../../../../arm-none-eabi/lib/thumb/v7e-m+fp/hard\libc_nano.a
END GROUP
START GROUP
LOAD c:/users/kaz/development/gcc-arm-none-eabi-9-2020-q2-update-win32/bin/../lib/gcc/arm-none-eabi/9.3.1/thumb/v7e-m+fp/hard\libgcc.a
LOAD c:/users/kaz/development/gcc-arm-none-eabi-9-2020-q2-update-win32/bin/../lib/gcc/arm-none-eabi/9.3.1/../../../../arm-none-eabi/lib/thumb/v7e-m+fp/hard\libc_nano.a
LOAD c:/users/kaz/development/gcc-arm-none-eabi-9-2020-q2-update-win32/bin/../lib/gcc/arm-none-eabi/9.3.1/../../../../arm-none-eabi/lib/thumb/v7e-m+fp/hard\libnosys.a
END GROUP
START GROUP
LOAD c:/users/kaz/development/gcc-arm-none-eabi-9-2020-q2-update-win32/bin/../lib/gcc/arm-none-eabi/9.3.1/thumb/v7e-m+fp/hard\libgcc.a
LOAD c:/users/kaz/development/gcc-arm-none-eabi-9-2020-q2-update-win32/bin/../lib/gcc/arm-none-eabi/9.3.1/../../../../arm-none-eabi/lib/thumb/v7e-m+fp/hard\libc_nano.a
LOAD c:/users/kaz/development/gcc-arm-none-eabi-9-2020-q2-update-win32/bin/../lib/gcc/arm-none-eabi/9.3.1/../../../../arm-none-eabi/lib/thumb/v7e-m+fp/hard\libnosys.a
END GROUP
LOAD c:/users/kaz/development/gcc-arm-none-eabi-9-2020-q2-update-win32/bin/../lib/gcc/arm-none-eabi/9.3.1/thumb/v7e-m+fp/hard/crtend.o
LOAD c:/users/kaz/development/gcc-arm-none-eabi-9-2020-q2-update-win32/bin/../lib/gcc/arm-none-eabi/9.3.1/thumb/v7e-m+fp/hard/crtn.o
                0x2000a000                _estack = 0x2000a000
                0x00000200                _Min_Heap_Size = 0x200
                0x00000400                _Min_Stack_Size = 0x400

.isr_vector     0x08000000      0x190
                0x08000000                . = ALIGN (0x8)
 *(.isr_vector)
 .isr_vector    0x08000000      0x18c build\startup_stm32l412xx.o
                0x08000000                g_pfnVectors
                0x08000190                . = ALIGN (0x8)
 *fill*         0x0800018c        0x4 

.text           0x08000190     0x3ae0
                0x08000190                . = ALIGN (0x8)
 *(.text)
 .text          0x08000190        0x0 c:/users/kaz/development/gcc-arm-none-eabi-9-2020-q2-update-win32/bin/../lib/gcc/arm-none-eabi/9.3.1/thumb/v7e-m+fp/hard/crti.o
 .text          0x08000190       0x40 c:/users/kaz/development/gcc-arm-none-eabi-9-2020-q2-update-win32/bin/../lib/gcc/arm-none-eabi/9.3.1/thumb/v7e-m+fp/hard/crtbegin.o
 .text          0x080001d0       0x7c c:/users/kaz/development/gcc-arm-none-eabi-9-2020-q2-update-win32/bin/../lib/gcc/arm-none-eabi/9.3.1/../../../../arm-none-eabi/lib/thumb/v7e-m+fp/hard/crt0.o
                0x080001d0                _stack_init
                0x080001d8                _start
                0x080001d8                _mainCRTStartup
 .text          0x0800024c       0x14 build\startup_stm32l412xx.o
 .text          0x08000260     0x19b0 C:\Users\kaz\AppData\Local\Temp\PWMDivider.debug.M2WOVB.ltrans0.ltrans.o
                0x080019bc                SystemInit
                0x08001a0c                WWDG_IRQHandler
                0x08001a14                ADC1_2_IRQHandler
                0x08001a1c                USB_IRQHandler
                0x08001a24                USART3_IRQHandler
                0x08001a2c                USART2_IRQHandler
                0x08001a34                USART1_IRQHandler
                0x08001a3c                UsageFault_Handler
                0x08001a44                TSC_IRQHandler
                0x08001a4c                TIM6_IRQHandler
                0x08001a54                TIM2_IRQHandler
                0x08001a5c                TIM1_UP_TIM16_IRQHandler
                0x08001a64                TIM1_TRG_COM_IRQHandler
                0x08001a6c                TIM1_CC_IRQHandler
                0x08001a74                TIM1_BRK_TIM15_IRQHandler
                0x08001a7c                TAMP_STAMP_IRQHandler
                0x08001a84                SysTick_Handler
                0x08001a88                SVC_Handler
                0x08001a90                SPI2_IRQHandler
                0x08001a98                SPI1_IRQHandler
                0x08001aa0                RTC_WKUP_IRQHandler
                0x08001aa8                RTC_Alarm_IRQHandler
                0x08001ab0                RNG_IRQHandler
                0x08001ab8                RCC_IRQHandler
                0x08001ac0                QUADSPI_IRQHandler
                0x08001ac8                PVD_PVM_IRQHandler
                0x08001ad0                PendSV_Handler
                0x08001ad8                NMI_Handler
                0x08001ae0                MemManage_Handler
                0x08001ae8                LPUART1_IRQHandler
                0x08001af0                LPTIM2_IRQHandler
                0x08001af8                LPTIM1_IRQHandler
                0x08001b00                I2C3_EV_IRQHandler
                0x08001b08                I2C3_ER_IRQHandler
                0x08001b10                I2C2_EV_IRQHandler
                0x08001b18                I2C2_ER_IRQHandler
                0x08001b20                I2C1_EV_IRQHandler
                0x08001b28                I2C1_ER_IRQHandler
                0x08001b30                HardFault_Handler
                0x08001b38                FPU_IRQHandler
                0x08001b40                FLASH_IRQHandler
                0x08001b48                EXTI9_5_IRQHandler
                0x08001b50                EXTI4_IRQHandler
                0x08001b58                EXTI3_IRQHandler
                0x08001b60                EXTI2_IRQHandler
                0x08001b68                EXTI15_10_IRQHandler
                0x08001b70                EXTI1_IRQHandler
                0x08001b78                EXTI0_IRQHandler
                0x08001b80                DMA2_Channel7_IRQHandler
                0x08001b88                DMA2_Channel6_IRQHandler
                0x08001b90                DMA2_Channel5_IRQHandler
                0x08001b98                DMA2_Channel4_IRQHandler
                0x08001ba0                DMA2_Channel3_IRQHandler
                0x08001ba8                DMA2_Channel2_IRQHandler
                0x08001bb0                DMA2_Channel1_IRQHandler
                0x08001bb8                DMA1_Channel7_IRQHandler
                0x08001bc0                DMA1_Channel6_IRQHandler
                0x08001bc8                DMA1_Channel5_IRQHandler
                0x08001bd0                DMA1_Channel4_IRQHandler
                0x08001bd8                DMA1_Channel3_IRQHandler
                0x08001be0                DMA1_Channel2_IRQHandler
                0x08001be8                DMA1_Channel1_IRQHandler
                0x08001bf0                DebugMon_Handler
                0x08001bf8                CRS_IRQHandler
                0x08001c00                COMP_IRQHandler
                0x08001c08                BusFault_Handler
 .text          0x08001c10       0x24 build\boost_1_74_0\libs\context\libboost_context.a(jump_arm_aapcs_elf_gas.o)
                0x08001c10                jump_fcontext
 .text          0x08001c34       0x20 build\boost_1_74_0\libs\context\libboost_context.a(make_arm_aapcs_elf_gas.o)
                0x08001c34                make_fcontext
 .text          0x08001c54       0x24 build\boost_1_74_0\libs\context\libboost_context.a(ontop_arm_aapcs_elf_gas.o)
                0x08001c54                ontop_fcontext
 .text          0x08001c78        0x0 c:/users/kaz/development/gcc-arm-none-eabi-9-2020-q2-update-win32/bin/../lib/gcc/arm-none-eabi/9.3.1/../../../../arm-none-eabi/lib/thumb/v7e-m+fp/hard\libc_nano.a(lib_a-exit.o)
 .text          0x08001c78        0x0 c:/users/kaz/development/gcc-arm-none-eabi-9-2020-q2-update-win32/bin/../lib/gcc/arm-none-eabi/9.3.1/../../../../arm-none-eabi/lib/thumb/v7e-m+fp/hard\libc_nano.a(lib_a-impure.o)
 .text          0x08001c78        0x0 c:/users/kaz/development/gcc-arm-none-eabi-9-2020-q2-update-win32/bin/../lib/gcc/arm-none-eabi/9.3.1/../../../../arm-none-eabi/lib/thumb/v7e-m+fp/hard\libc_nano.a(lib_a-init.o)
 .text          0x08001c78        0x0 c:/users/kaz/development/gcc-arm-none-eabi-9-2020-q2-update-win32/bin/../lib/gcc/arm-none-eabi/9.3.1/../../../../arm-none-eabi/lib/thumb/v7e-m+fp/hard\libc_nano.a(lib_a-malloc.o)
 .text          0x08001c78        0x0 c:/users/kaz/development/gcc-arm-none-eabi-9-2020-q2-update-win32/bin/../lib/gcc/arm-none-eabi/9.3.1/../../../../arm-none-eabi/lib/thumb/v7e-m+fp/hard\libc_nano.a(lib_a-memset.o)
 .text          0x08001c78        0x0 c:/users/kaz/development/gcc-arm-none-eabi-9-2020-q2-update-win32/bin/../lib/gcc/arm-none-eabi/9.3.1/../../../../arm-none-eabi/lib/thumb/v7e-m+fp/hard\libc_nano.a(lib_a-nano-freer.o)
 .text          0x08001c78        0x0 c:/users/kaz/development/gcc-arm-none-eabi-9-2020-q2-update-win32/bin/../lib/gcc/arm-none-eabi/9.3.1/../../../../arm-none-eabi/lib/thumb/v7e-m+fp/hard\libc_nano.a(lib_a-nano-mallocr.o)
 .text          0x08001c78        0x0 c:/users/kaz/development/gcc-arm-none-eabi-9-2020-q2-update-win32/bin/../lib/gcc/arm-none-eabi/9.3.1/../../../../arm-none-eabi/lib/thumb/v7e-m+fp/hard\libc_nano.a(lib_a-sbrkr.o)
 .text          0x08001c78        0x0 c:/users/kaz/development/gcc-arm-none-eabi-9-2020-q2-update-win32/bin/../lib/gcc/arm-none-eabi/9.3.1/../../../../arm-none-eabi/lib/thumb/v7e-m+fp/hard\libc_nano.a(lib_a-mlock.o)
 .text          0x08001c78        0x0 c:/users/kaz/development/gcc-arm-none-eabi-9-2020-q2-update-win32/bin/../lib/gcc/arm-none-eabi/9.3.1/../../../../arm-none-eabi/lib/thumb/v7e-m+fp/hard\libc_nano.a(lib_a-reent.o)
 .text          0x08001c78        0x0 c:/users/kaz/development/gcc-arm-none-eabi-9-2020-q2-update-win32/bin/../lib/gcc/arm-none-eabi/9.3.1/../../../../arm-none-eabi/lib/thumb/v7e-m+fp/hard\libc_nano.a(lib_a-lock.o)
 .text          0x08001c78        0x0 c:/users/kaz/development/gcc-arm-none-eabi-9-2020-q2-update-win32/bin/../lib/gcc/arm-none-eabi/9.3.1/../../../../arm-none-eabi/lib/thumb/v7e-m+fp/hard\libnosys.a(sbrk.o)
 .text          0x08001c78        0x0 c:/users/kaz/development/gcc-arm-none-eabi-9-2020-q2-update-win32/bin/../lib/gcc/arm-none-eabi/9.3.1/../../../../arm-none-eabi/lib/thumb/v7e-m+fp/hard\libnosys.a(_exit.o)
 .text          0x08001c78        0x0 c:/users/kaz/development/gcc-arm-none-eabi-9-2020-q2-update-win32/bin/../lib/gcc/arm-none-eabi/9.3.1/../../../../arm-none-eabi/lib/thumb/v7e-m+fp/hard\libstdc++_nano.a(atexit_thread.o)
 .text          0x08001c78        0x0 c:/users/kaz/development/gcc-arm-none-eabi-9-2020-q2-update-win32/bin/../lib/gcc/arm-none-eabi/9.3.1/../../../../arm-none-eabi/lib/thumb/v7e-m+fp/hard\libstdc++_nano.a(del_op.o)
 .text          0x08001c78        0x0 c:/users/kaz/development/gcc-arm-none-eabi-9-2020-q2-update-win32/bin/../lib/gcc/arm-none-eabi/9.3.1/../../../../arm-none-eabi/lib/thumb/v7e-m+fp/hard\libstdc++_nano.a(del_ops.o)
 .text          0x08001c78        0x0 c:/users/kaz/development/gcc-arm-none-eabi-9-2020-q2-update-win32/bin/../lib/gcc/arm-none-eabi/9.3.1/../../../../arm-none-eabi/lib/thumb/v7e-m+fp/hard\libstdc++_nano.a(eh_terminate.o)
 .text          0x08001c78        0x0 c:/users/kaz/development/gcc-arm-none-eabi-9-2020-q2-update-win32/bin/../lib/gcc/arm-none-eabi/9.3.1/../../../../arm-none-eabi/lib/thumb/v7e-m+fp/hard\libstdc++_nano.a(eh_unex_handler.o)
 .text          0x08001c78        0x0 c:/users/kaz/development/gcc-arm-none-eabi-9-2020-q2-update-win32/bin/../lib/gcc/arm-none-eabi/9.3.1/../../../../arm-none-eabi/lib/thumb/v7e-m+fp/hard\libstdc++_nano.a(new_handler.o)
 .text          0x08001c78        0x0 c:/users/kaz/development/gcc-arm-none-eabi-9-2020-q2-update-win32/bin/../lib/gcc/arm-none-eabi/9.3.1/../../../../arm-none-eabi/lib/thumb/v7e-m+fp/hard\libstdc++_nano.a(new_op.o)
 .text          0x08001c78        0x0 c:/users/kaz/development/gcc-arm-none-eabi-9-2020-q2-update-win32/bin/../lib/gcc/arm-none-eabi/9.3.1/../../../../arm-none-eabi/lib/thumb/v7e-m+fp/hard\libstdc++_nano.a(new_opnt.o)
 .text          0x08001c78        0x0 c:/users/kaz/development/gcc-arm-none-eabi-9-2020-q2-update-win32/bin/../lib/gcc/arm-none-eabi/9.3.1/../../../../arm-none-eabi/lib/thumb/v7e-m+fp/hard\libstdc++_nano.a(tree.o)
 .text          0x08001c78        0x0 c:/users/kaz/development/gcc-arm-none-eabi-9-2020-q2-update-win32/bin/../lib/gcc/arm-none-eabi/9.3.1/../../../../arm-none-eabi/lib/thumb/v7e-m+fp/hard\libstdc++_nano.a(chrono.o)
 .text          0x08001c78        0x0 c:/users/kaz/development/gcc-arm-none-eabi-9-2020-q2-update-win32/bin/../lib/gcc/arm-none-eabi/9.3.1/../../../../arm-none-eabi/lib/thumb/v7e-m+fp/hard\libstdc++_nano.a(eh_term_handler.o)
 .text          0x08001c78        0x0 c:/users/kaz/development/gcc-arm-none-eabi-9-2020-q2-update-win32/bin/../lib/gcc/arm-none-eabi/9.3.1/../../../../arm-none-eabi/lib/thumb/v7e-m+fp/hard\libc_nano.a(lib_a-abort.o)
 .text          0x08001c78        0x0 c:/users/kaz/development/gcc-arm-none-eabi-9-2020-q2-update-win32/bin/../lib/gcc/arm-none-eabi/9.3.1/../../../../arm-none-eabi/lib/thumb/v7e-m+fp/hard\libc_nano.a(lib_a-atexit.o)
 .text          0x08001c78        0x0 c:/users/kaz/development/gcc-arm-none-eabi-9-2020-q2-update-win32/bin/../lib/gcc/arm-none-eabi/9.3.1/../../../../arm-none-eabi/lib/thumb/v7e-m+fp/hard\libc_nano.a(lib_a-signal.o)
 .text          0x08001c78        0x0 c:/users/kaz/development/gcc-arm-none-eabi-9-2020-q2-update-win32/bin/../lib/gcc/arm-none-eabi/9.3.1/../../../../arm-none-eabi/lib/thumb/v7e-m+fp/hard\libc_nano.a(lib_a-signalr.o)
 .text          0x08001c78        0x0 c:/users/kaz/development/gcc-arm-none-eabi-9-2020-q2-update-win32/bin/../lib/gcc/arm-none-eabi/9.3.1/../../../../arm-none-eabi/lib/thumb/v7e-m+fp/hard\libc_nano.a(lib_a-sysgettod.o)
 .text          0x08001c78        0x0 c:/users/kaz/development/gcc-arm-none-eabi-9-2020-q2-update-win32/bin/../lib/gcc/arm-none-eabi/9.3.1/../../../../arm-none-eabi/lib/thumb/v7e-m+fp/hard\libc_nano.a(lib_a-__atexit.o)
 .text          0x08001c78        0x0 c:/users/kaz/development/gcc-arm-none-eabi-9-2020-q2-update-win32/bin/../lib/gcc/arm-none-eabi/9.3.1/../../../../arm-none-eabi/lib/thumb/v7e-m+fp/hard\libc_nano.a(lib_a-__call_atexit.o)
 .text          0x08001c78        0x0 c:/users/kaz/development/gcc-arm-none-eabi-9-2020-q2-update-win32/bin/../lib/gcc/arm-none-eabi/9.3.1/../../../../arm-none-eabi/lib/thumb/v7e-m+fp/hard\libc_nano.a(lib_a-gettimeofdayr.o)
 .text          0x08001c78        0x0 c:/users/kaz/development/gcc-arm-none-eabi-9-2020-q2-update-win32/bin/../lib/gcc/arm-none-eabi/9.3.1/../../../../arm-none-eabi/lib/thumb/v7e-m+fp/hard\libc_nano.a(lib_a-memcpy-stub.o)
 .text          0x08001c78        0x0 c:/users/kaz/development/gcc-arm-none-eabi-9-2020-q2-update-win32/bin/../lib/gcc/arm-none-eabi/9.3.1/../../../../arm-none-eabi/lib/thumb/v7e-m+fp/hard\libnosys.a(getpid.o)
 .text          0x08001c78        0x0 c:/users/kaz/development/gcc-arm-none-eabi-9-2020-q2-update-win32/bin/../lib/gcc/arm-none-eabi/9.3.1/../../../../arm-none-eabi/lib/thumb/v7e-m+fp/hard\libnosys.a(gettod.o)
 .text          0x08001c78        0x0 c:/users/kaz/development/gcc-arm-none-eabi-9-2020-q2-update-win32/bin/../lib/gcc/arm-none-eabi/9.3.1/../../../../arm-none-eabi/lib/thumb/v7e-m+fp/hard\libnosys.a(kill.o)
 .text          0x08001c78       0xa8 c:/users/kaz/development/gcc-arm-none-eabi-9-2020-q2-update-win32/bin/../lib/gcc/arm-none-eabi/9.3.1/thumb/v7e-m+fp/hard\libgcc.a(emutls.o)
                0x08001cd8                __emutls_get_address
                0x08001cf8                __emutls_register_common
 .text          0x08001d20        0x0 c:/users/kaz/development/gcc-arm-none-eabi-9-2020-q2-update-win32/bin/../lib/gcc/arm-none-eabi/9.3.1/thumb/v7e-m+fp/hard/crtend.o
 .text          0x08001d20        0x0 c:/users/kaz/development/gcc-arm-none-eabi-9-2020-q2-update-win32/bin/../lib/gcc/arm-none-eabi/9.3.1/thumb/v7e-m+fp/hard/crtn.o
 *(.text*)
 .text.Reset_Handler
                0x08001d20       0x50 build\startup_stm32l412xx.o
                0x08001d20                Reset_Handler
 .text.Default_Handler
                0x08001d70        0x2 build\startup_stm32l412xx.o
                0x08001d70                Default_Handler
 *fill*         0x08001d72        0x2 
 .text.startup  0x08001d74     0x12f8 C:\Users\kaz\AppData\Local\Temp\PWMDivider.debug.M2WOVB.ltrans0.ltrans.o
                0x08001d74                main
 .text.exit     0x0800306c       0x28 c:/users/kaz/development/gcc-arm-none-eabi-9-2020-q2-update-win32/bin/../lib/gcc/arm-none-eabi/9.3.1/../../../../arm-none-eabi/lib/thumb/v7e-m+fp/hard\libc_nano.a(lib_a-exit.o)
                0x0800306c                exit
 .text.__libc_init_array
                0x08003094       0x48 c:/users/kaz/development/gcc-arm-none-eabi-9-2020-q2-update-win32/bin/../lib/gcc/arm-none-eabi/9.3.1/../../../../arm-none-eabi/lib/thumb/v7e-m+fp/hard\libc_nano.a(lib_a-init.o)
                0x08003094                __libc_init_array
 .text.malloc   0x080030dc       0x10 c:/users/kaz/development/gcc-arm-none-eabi-9-2020-q2-update-win32/bin/../lib/gcc/arm-none-eabi/9.3.1/../../../../arm-none-eabi/lib/thumb/v7e-m+fp/hard\libc_nano.a(lib_a-malloc.o)
                0x080030dc                malloc
 .text.free     0x080030ec       0x10 c:/users/kaz/development/gcc-arm-none-eabi-9-2020-q2-update-win32/bin/../lib/gcc/arm-none-eabi/9.3.1/../../../../arm-none-eabi/lib/thumb/v7e-m+fp/hard\libc_nano.a(lib_a-malloc.o)
                0x080030ec                free
 .text.memset   0x080030fc       0x10 c:/users/kaz/development/gcc-arm-none-eabi-9-2020-q2-update-win32/bin/../lib/gcc/arm-none-eabi/9.3.1/../../../../arm-none-eabi/lib/thumb/v7e-m+fp/hard\libc_nano.a(lib_a-memset.o)
                0x080030fc                memset
 .text._free_r  0x0800310c       0xa0 c:/users/kaz/development/gcc-arm-none-eabi-9-2020-q2-update-win32/bin/../lib/gcc/arm-none-eabi/9.3.1/../../../../arm-none-eabi/lib/thumb/v7e-m+fp/hard\libc_nano.a(lib_a-nano-freer.o)
                0x0800310c                _free_r
 .text._malloc_r
                0x080031ac       0xb4 c:/users/kaz/development/gcc-arm-none-eabi-9-2020-q2-update-win32/bin/../lib/gcc/arm-none-eabi/9.3.1/../../../../arm-none-eabi/lib/thumb/v7e-m+fp/hard\libc_nano.a(lib_a-nano-mallocr.o)
                0x080031ac                _malloc_r
 .text._sbrk_r  0x08003260       0x20 c:/users/kaz/development/gcc-arm-none-eabi-9-2020-q2-update-win32/bin/../lib/gcc/arm-none-eabi/9.3.1/../../../../arm-none-eabi/lib/thumb/v7e-m+fp/hard\libc_nano.a(lib_a-sbrkr.o)
                0x08003260                _sbrk_r
 .text.__malloc_lock
                0x08003280        0xc c:/users/kaz/development/gcc-arm-none-eabi-9-2020-q2-update-win32/bin/../lib/gcc/arm-none-eabi/9.3.1/../../../../arm-none-eabi/lib/thumb/v7e-m+fp/hard\libc_nano.a(lib_a-mlock.o)
                0x08003280                __malloc_lock
 .text.__malloc_unlock
                0x0800328c        0xc c:/users/kaz/development/gcc-arm-none-eabi-9-2020-q2-update-win32/bin/../lib/gcc/arm-none-eabi/9.3.1/../../../../arm-none-eabi/lib/thumb/v7e-m+fp/hard\libc_nano.a(lib_a-mlock.o)
                0x0800328c                __malloc_unlock
 .text.cleanup_glue
                0x08003298       0x1a c:/users/kaz/development/gcc-arm-none-eabi-9-2020-q2-update-win32/bin/../lib/gcc/arm-none-eabi/9.3.1/../../../../arm-none-eabi/lib/thumb/v7e-m+fp/hard\libc_nano.a(lib_a-reent.o)
                0x08003298                cleanup_glue
 *fill*         0x080032b2        0x2 
 .text._reclaim_reent
                0x080032b4       0xb8 c:/users/kaz/development/gcc-arm-none-eabi-9-2020-q2-update-win32/bin/../lib/gcc/arm-none-eabi/9.3.1/../../../../arm-none-eabi/lib/thumb/v7e-m+fp/hard\libc_nano.a(lib_a-reent.o)
                0x080032b4                _reclaim_reent
 .text.__retarget_lock_init
                0x0800336c        0x2 c:/users/kaz/development/gcc-arm-none-eabi-9-2020-q2-update-win32/bin/../lib/gcc/arm-none-eabi/9.3.1/../../../../arm-none-eabi/lib/thumb/v7e-m+fp/hard\libc_nano.a(lib_a-lock.o)
                0x0800336c                __retarget_lock_init
 .text.__retarget_lock_init_recursive
                0x0800336e        0x2 c:/users/kaz/development/gcc-arm-none-eabi-9-2020-q2-update-win32/bin/../lib/gcc/arm-none-eabi/9.3.1/../../../../arm-none-eabi/lib/thumb/v7e-m+fp/hard\libc_nano.a(lib_a-lock.o)
                0x0800336e                __retarget_lock_init_recursive
 .text.__retarget_lock_close
                0x08003370        0x2 c:/users/kaz/development/gcc-arm-none-eabi-9-2020-q2-update-win32/bin/../lib/gcc/arm-none-eabi/9.3.1/../../../../arm-none-eabi/lib/thumb/v7e-m+fp/hard\libc_nano.a(lib_a-lock.o)
                0x08003370                __retarget_lock_close
 .text.__retarget_lock_close_recursive
                0x08003372        0x2 c:/users/kaz/development/gcc-arm-none-eabi-9-2020-q2-update-win32/bin/../lib/gcc/arm-none-eabi/9.3.1/../../../../arm-none-eabi/lib/thumb/v7e-m+fp/hard\libc_nano.a(lib_a-lock.o)
                0x08003372                __retarget_lock_close_recursive
 .text.__retarget_lock_acquire
                0x08003374        0x2 c:/users/kaz/development/gcc-arm-none-eabi-9-2020-q2-update-win32/bin/../lib/gcc/arm-none-eabi/9.3.1/../../../../arm-none-eabi/lib/thumb/v7e-m+fp/hard\libc_nano.a(lib_a-lock.o)
                0x08003374                __retarget_lock_acquire
 .text.__retarget_lock_acquire_recursive
                0x08003376        0x2 c:/users/kaz/development/gcc-arm-none-eabi-9-2020-q2-update-win32/bin/../lib/gcc/arm-none-eabi/9.3.1/../../../../arm-none-eabi/lib/thumb/v7e-m+fp/hard\libc_nano.a(lib_a-lock.o)
                0x08003376                __retarget_lock_acquire_recursive
 .text.__retarget_lock_try_acquire
                0x08003378        0x4 c:/users/kaz/development/gcc-arm-none-eabi-9-2020-q2-update-win32/bin/../lib/gcc/arm-none-eabi/9.3.1/../../../../arm-none-eabi/lib/thumb/v7e-m+fp/hard\libc_nano.a(lib_a-lock.o)
                0x08003378                __retarget_lock_try_acquire
 .text.__retarget_lock_try_acquire_recursive
                0x0800337c        0x4 c:/users/kaz/development/gcc-arm-none-eabi-9-2020-q2-update-win32/bin/../lib/gcc/arm-none-eabi/9.3.1/../../../../arm-none-eabi/lib/thumb/v7e-m+fp/hard\libc_nano.a(lib_a-lock.o)
                0x0800337c                __retarget_lock_try_acquire_recursive
 .text.__retarget_lock_release
                0x08003380        0x2 c:/users/kaz/development/gcc-arm-none-eabi-9-2020-q2-update-win32/bin/../lib/gcc/arm-none-eabi/9.3.1/../../../../arm-none-eabi/lib/thumb/v7e-m+fp/hard\libc_nano.a(lib_a-lock.o)
                0x08003380                __retarget_lock_release
 .text.__retarget_lock_release_recursive
                0x08003382        0x2 c:/users/kaz/development/gcc-arm-none-eabi-9-2020-q2-update-win32/bin/../lib/gcc/arm-none-eabi/9.3.1/../../../../arm-none-eabi/lib/thumb/v7e-m+fp/hard\libc_nano.a(lib_a-lock.o)
                0x08003382                __retarget_lock_release_recursive
 .text._sbrk    0x08003384       0x1c c:/users/kaz/development/gcc-arm-none-eabi-9-2020-q2-update-win32/bin/../lib/gcc/arm-none-eabi/9.3.1/../../../../arm-none-eabi/lib/thumb/v7e-m+fp/hard\libnosys.a(sbrk.o)
                0x08003384                _sbrk
 .text._exit    0x080033a0        0x4 c:/users/kaz/development/gcc-arm-none-eabi-9-2020-q2-update-win32/bin/../lib/gcc/arm-none-eabi/9.3.1/../../../../arm-none-eabi/lib/thumb/v7e-m+fp/hard\libnosys.a(_exit.o)
                0x080033a0                _exit
 .text._ZN12_GLOBAL__N_13runEv
                0x080033a4       0x28 c:/users/kaz/development/gcc-arm-none-eabi-9-2020-q2-update-win32/bin/../lib/gcc/arm-none-eabi/9.3.1/../../../../arm-none-eabi/lib/thumb/v7e-m+fp/hard\libstdc++_nano.a(atexit_thread.o)
 .text.__cxa_thread_atexit
                0x080033cc       0x48 c:/users/kaz/development/gcc-arm-none-eabi-9-2020-q2-update-win32/bin/../lib/gcc/arm-none-eabi/9.3.1/../../../../arm-none-eabi/lib/thumb/v7e-m+fp/hard\libstdc++_nano.a(atexit_thread.o)
                0x080033cc                __cxa_thread_atexit
 .text._ZdlPv   0x08003414        0x4 c:/users/kaz/development/gcc-arm-none-eabi-9-2020-q2-update-win32/bin/../lib/gcc/arm-none-eabi/9.3.1/../../../../arm-none-eabi/lib/thumb/v7e-m+fp/hard\libstdc++_nano.a(del_op.o)
                0x08003414                operator delete(void*)
 .text._ZdlPvj  0x08003418        0x4 c:/users/kaz/development/gcc-arm-none-eabi-9-2020-q2-update-win32/bin/../lib/gcc/arm-none-eabi/9.3.1/../../../../arm-none-eabi/lib/thumb/v7e-m+fp/hard\libstdc++_nano.a(del_ops.o)
                0x08003418                operator delete(void*, unsigned int)
 .text._ZN10__cxxabiv111__terminateEPFvvE
                0x0800341c        0x8 c:/users/kaz/development/gcc-arm-none-eabi-9-2020-q2-update-win32/bin/../lib/gcc/arm-none-eabi/9.3.1/../../../../arm-none-eabi/lib/thumb/v7e-m+fp/hard\libstdc++_nano.a(eh_terminate.o)
                0x0800341c                __cxxabiv1::__terminate(void (*)())
 .text._ZSt13set_terminatePFvvE
                0x08003424       0x2c c:/users/kaz/development/gcc-arm-none-eabi-9-2020-q2-update-win32/bin/../lib/gcc/arm-none-eabi/9.3.1/../../../../arm-none-eabi/lib/thumb/v7e-m+fp/hard\libstdc++_nano.a(eh_terminate.o)
                0x08003424                std::set_terminate(void (*)())
 .text._ZSt13get_terminatev
                0x08003450       0x10 c:/users/kaz/development/gcc-arm-none-eabi-9-2020-q2-update-win32/bin/../lib/gcc/arm-none-eabi/9.3.1/../../../../arm-none-eabi/lib/thumb/v7e-m+fp/hard\libstdc++_nano.a(eh_terminate.o)
                0x08003450                std::get_terminate()
 .text._ZSt9terminatev
                0x08003460        0xa c:/users/kaz/development/gcc-arm-none-eabi-9-2020-q2-update-win32/bin/../lib/gcc/arm-none-eabi/9.3.1/../../../../arm-none-eabi/lib/thumb/v7e-m+fp/hard\libstdc++_nano.a(eh_terminate.o)
                0x08003460                std::terminate()
 .text._ZN10__cxxabiv112__unexpectedEPFvvE
                0x0800346a        0x8 c:/users/kaz/development/gcc-arm-none-eabi-9-2020-q2-update-win32/bin/../lib/gcc/arm-none-eabi/9.3.1/../../../../arm-none-eabi/lib/thumb/v7e-m+fp/hard\libstdc++_nano.a(eh_terminate.o)
                0x0800346a                __cxxabiv1::__unexpected(void (*)())
 *fill*         0x08003472        0x2 
 .text._ZSt14set_unexpectedPFvvE
                0x08003474       0x2c c:/users/kaz/development/gcc-arm-none-eabi-9-2020-q2-update-win32/bin/../lib/gcc/arm-none-eabi/9.3.1/../../../../arm-none-eabi/lib/thumb/v7e-m+fp/hard\libstdc++_nano.a(eh_terminate.o)
                0x08003474                std::set_unexpected(void (*)())
 .text._ZSt14get_unexpectedv
                0x080034a0       0x10 c:/users/kaz/development/gcc-arm-none-eabi-9-2020-q2-update-win32/bin/../lib/gcc/arm-none-eabi/9.3.1/../../../../arm-none-eabi/lib/thumb/v7e-m+fp/hard\libstdc++_nano.a(eh_terminate.o)
                0x080034a0                std::get_unexpected()
 .text._ZSt10unexpectedv
                0x080034b0        0xa c:/users/kaz/development/gcc-arm-none-eabi-9-2020-q2-update-win32/bin/../lib/gcc/arm-none-eabi/9.3.1/../../../../arm-none-eabi/lib/thumb/v7e-m+fp/hard\libstdc++_nano.a(eh_terminate.o)
                0x080034b0                std::unexpected()
 *fill*         0x080034ba        0x2 
 .text._ZSt15set_new_handlerPFvvE
                0x080034bc       0x20 c:/users/kaz/development/gcc-arm-none-eabi-9-2020-q2-update-win32/bin/../lib/gcc/arm-none-eabi/9.3.1/../../../../arm-none-eabi/lib/thumb/v7e-m+fp/hard\libstdc++_nano.a(new_handler.o)
                0x080034bc                std::set_new_handler(void (*)())
 .text._ZSt15get_new_handlerv
                0x080034dc       0x10 c:/users/kaz/development/gcc-arm-none-eabi-9-2020-q2-update-win32/bin/../lib/gcc/arm-none-eabi/9.3.1/../../../../arm-none-eabi/lib/thumb/v7e-m+fp/hard\libstdc++_nano.a(new_handler.o)
                0x080034dc                std::get_new_handler()
 .text._Znwj    0x080034ec       0x22 c:/users/kaz/development/gcc-arm-none-eabi-9-2020-q2-update-win32/bin/../lib/gcc/arm-none-eabi/9.3.1/../../../../arm-none-eabi/lib/thumb/v7e-m+fp/hard\libstdc++_nano.a(new_op.o)
                0x080034ec                operator new(unsigned int)
 .text._ZnwjRKSt9nothrow_t
                0x0800350e        0x4 c:/users/kaz/development/gcc-arm-none-eabi-9-2020-q2-update-win32/bin/../lib/gcc/arm-none-eabi/9.3.1/../../../../arm-none-eabi/lib/thumb/v7e-m+fp/hard\libstdc++_nano.a(new_opnt.o)
                0x0800350e                operator new(unsigned int, std::nothrow_t const&)
 .text._ZStL25local_Rb_tree_rotate_leftPSt18_Rb_tree_node_baseRS0_
                0x08003512       0x2a c:/users/kaz/development/gcc-arm-none-eabi-9-2020-q2-update-win32/bin/../lib/gcc/arm-none-eabi/9.3.1/../../../../arm-none-eabi/lib/thumb/v7e-m+fp/hard\libstdc++_nano.a(tree.o)
 .text._ZStL26local_Rb_tree_rotate_rightPSt18_Rb_tree_node_baseRS0_
                0x0800353c       0x2a c:/users/kaz/development/gcc-arm-none-eabi-9-2020-q2-update-win32/bin/../lib/gcc/arm-none-eabi/9.3.1/../../../../arm-none-eabi/lib/thumb/v7e-m+fp/hard\libstdc++_nano.a(tree.o)
 .text._ZStL23local_Rb_tree_decrementPSt18_Rb_tree_node_base
                0x08003566       0x2e c:/users/kaz/development/gcc-arm-none-eabi-9-2020-q2-update-win32/bin/../lib/gcc/arm-none-eabi/9.3.1/../../../../arm-none-eabi/lib/thumb/v7e-m+fp/hard\libstdc++_nano.a(tree.o)
 .text._ZSt18_Rb_tree_incrementPSt18_Rb_tree_node_base
                0x08003594       0x26 c:/users/kaz/development/gcc-arm-none-eabi-9-2020-q2-update-win32/bin/../lib/gcc/arm-none-eabi/9.3.1/../../../../arm-none-eabi/lib/thumb/v7e-m+fp/hard\libstdc++_nano.a(tree.o)
                0x08003594                std::_Rb_tree_increment(std::_Rb_tree_node_base*)
 .text._ZSt18_Rb_tree_incrementPKSt18_Rb_tree_node_base
                0x080035ba       0x26 c:/users/kaz/development/gcc-arm-none-eabi-9-2020-q2-update-win32/bin/../lib/gcc/arm-none-eabi/9.3.1/../../../../arm-none-eabi/lib/thumb/v7e-m+fp/hard\libstdc++_nano.a(tree.o)
                0x080035ba                std::_Rb_tree_increment(std::_Rb_tree_node_base const*)
 .text._ZSt18_Rb_tree_decrementPSt18_Rb_tree_node_base
                0x080035e0        0x4 c:/users/kaz/development/gcc-arm-none-eabi-9-2020-q2-update-win32/bin/../lib/gcc/arm-none-eabi/9.3.1/../../../../arm-none-eabi/lib/thumb/v7e-m+fp/hard\libstdc++_nano.a(tree.o)
                0x080035e0                std::_Rb_tree_decrement(std::_Rb_tree_node_base*)
 .text._ZSt18_Rb_tree_decrementPKSt18_Rb_tree_node_base
                0x080035e4        0x4 c:/users/kaz/development/gcc-arm-none-eabi-9-2020-q2-update-win32/bin/../lib/gcc/arm-none-eabi/9.3.1/../../../../arm-none-eabi/lib/thumb/v7e-m+fp/hard\libstdc++_nano.a(tree.o)
                0x080035e4                std::_Rb_tree_decrement(std::_Rb_tree_node_base const*)
 .text._ZSt20_Rb_tree_rotate_leftPSt18_Rb_tree_node_baseRS0_
                0x080035e8        0x4 c:/users/kaz/development/gcc-arm-none-eabi-9-2020-q2-update-win32/bin/../lib/gcc/arm-none-eabi/9.3.1/../../../../arm-none-eabi/lib/thumb/v7e-m+fp/hard\libstdc++_nano.a(tree.o)
                0x080035e8                std::_Rb_tree_rotate_left(std::_Rb_tree_node_base*, std::_Rb_tree_node_base*&)
 .text._ZSt21_Rb_tree_rotate_rightPSt18_Rb_tree_node_baseRS0_
                0x080035ec        0x4 c:/users/kaz/development/gcc-arm-none-eabi-9-2020-q2-update-win32/bin/../lib/gcc/arm-none-eabi/9.3.1/../../../../arm-none-eabi/lib/thumb/v7e-m+fp/hard\libstdc++_nano.a(tree.o)
                0x080035ec                std::_Rb_tree_rotate_right(std::_Rb_tree_node_base*, std::_Rb_tree_node_base*&)
 .text._ZSt29_Rb_tree_insert_and_rebalancebPSt18_Rb_tree_node_baseS0_RS_
                0x080035f0       0xb8 c:/users/kaz/development/gcc-arm-none-eabi-9-2020-q2-update-win32/bin/../lib/gcc/arm-none-eabi/9.3.1/../../../../arm-none-eabi/lib/thumb/v7e-m+fp/hard\libstdc++_nano.a(tree.o)
                0x080035f0                std::_Rb_tree_insert_and_rebalance(bool, std::_Rb_tree_node_base*, std::_Rb_tree_node_base*, std::_Rb_tree_node_base&)
 .text._ZSt28_Rb_tree_rebalance_for_erasePSt18_Rb_tree_node_baseRS_
                0x080036a8      0x1c8 c:/users/kaz/development/gcc-arm-none-eabi-9-2020-q2-update-win32/bin/../lib/gcc/arm-none-eabi/9.3.1/../../../../arm-none-eabi/lib/thumb/v7e-m+fp/hard\libstdc++_nano.a(tree.o)
                0x080036a8                std::_Rb_tree_rebalance_for_erase(std::_Rb_tree_node_base*, std::_Rb_tree_node_base&)
 .text._ZSt20_Rb_tree_black_countPKSt18_Rb_tree_node_baseS1_
                0x08003870       0x1a c:/users/kaz/development/gcc-arm-none-eabi-9-2020-q2-update-win32/bin/../lib/gcc/arm-none-eabi/9.3.1/../../../../arm-none-eabi/lib/thumb/v7e-m+fp/hard\libstdc++_nano.a(tree.o)
                0x08003870                std::_Rb_tree_black_count(std::_Rb_tree_node_base const*, std::_Rb_tree_node_base const*)
 *fill*         0x0800388a        0x2 
 .text._ZNSt6chrono3_V212system_clock3nowEv
                0x0800388c       0x40 c:/users/kaz/development/gcc-arm-none-eabi-9-2020-q2-update-win32/bin/../lib/gcc/arm-none-eabi/9.3.1/../../../../arm-none-eabi/lib/thumb/v7e-m+fp/hard\libstdc++_nano.a(chrono.o)
                0x0800388c                std::chrono::_V2::system_clock::now()
 .text._ZNSt6chrono3_V212steady_clock3nowEv
                0x080038cc       0x18 c:/users/kaz/development/gcc-arm-none-eabi-9-2020-q2-update-win32/bin/../lib/gcc/arm-none-eabi/9.3.1/../../../../arm-none-eabi/lib/thumb/v7e-m+fp/hard\libstdc++_nano.a(chrono.o)
                0x080038cc                std::chrono::_V2::steady_clock::now()
 .text.abort    0x080038e4        0xe c:/users/kaz/development/gcc-arm-none-eabi-9-2020-q2-update-win32/bin/../lib/gcc/arm-none-eabi/9.3.1/../../../../arm-none-eabi/lib/thumb/v7e-m+fp/hard\libc_nano.a(lib_a-abort.o)
                0x080038e4                abort
 .text.atexit   0x080038f2        0xc c:/users/kaz/development/gcc-arm-none-eabi-9-2020-q2-update-win32/bin/../lib/gcc/arm-none-eabi/9.3.1/../../../../arm-none-eabi/lib/thumb/v7e-m+fp/hard\libc_nano.a(lib_a-atexit.o)
                0x080038f2                atexit
 .text._init_signal_r
                0x080038fe       0x28 c:/users/kaz/development/gcc-arm-none-eabi-9-2020-q2-update-win32/bin/../lib/gcc/arm-none-eabi/9.3.1/../../../../arm-none-eabi/lib/thumb/v7e-m+fp/hard\libc_nano.a(lib_a-signal.o)
                0x080038fe                _init_signal_r
 .text._signal_r
                0x08003926       0x30 c:/users/kaz/development/gcc-arm-none-eabi-9-2020-q2-update-win32/bin/../lib/gcc/arm-none-eabi/9.3.1/../../../../arm-none-eabi/lib/thumb/v7e-m+fp/hard\libc_nano.a(lib_a-signal.o)
                0x08003926                _signal_r
 .text._raise_r
                0x08003956       0x50 c:/users/kaz/development/gcc-arm-none-eabi-9-2020-q2-update-win32/bin/../lib/gcc/arm-none-eabi/9.3.1/../../../../arm-none-eabi/lib/thumb/v7e-m+fp/hard\libc_nano.a(lib_a-signal.o)
                0x08003956                _raise_r
 .text.__sigtramp_r
                0x080039a6       0x48 c:/users/kaz/development/gcc-arm-none-eabi-9-2020-q2-update-win32/bin/../lib/gcc/arm-none-eabi/9.3.1/../../../../arm-none-eabi/lib/thumb/v7e-m+fp/hard\libc_nano.a(lib_a-signal.o)
                0x080039a6                __sigtramp_r
 *fill*         0x080039ee        0x2 
 .text.raise    0x080039f0       0x10 c:/users/kaz/development/gcc-arm-none-eabi-9-2020-q2-update-win32/bin/../lib/gcc/arm-none-eabi/9.3.1/../../../../arm-none-eabi/lib/thumb/v7e-m+fp/hard\libc_nano.a(lib_a-signal.o)
                0x080039f0                raise
 .text.signal   0x08003a00       0x10 c:/users/kaz/development/gcc-arm-none-eabi-9-2020-q2-update-win32/bin/../lib/gcc/arm-none-eabi/9.3.1/../../../../arm-none-eabi/lib/thumb/v7e-m+fp/hard\libc_nano.a(lib_a-signal.o)
                0x08003a00                signal
 .text._init_signal
                0x08003a10        0xc c:/users/kaz/development/gcc-arm-none-eabi-9-2020-q2-update-win32/bin/../lib/gcc/arm-none-eabi/9.3.1/../../../../arm-none-eabi/lib/thumb/v7e-m+fp/hard\libc_nano.a(lib_a-signal.o)
                0x08003a10                _init_signal
 .text.__sigtramp
                0x08003a1c       0x10 c:/users/kaz/development/gcc-arm-none-eabi-9-2020-q2-update-win32/bin/../lib/gcc/arm-none-eabi/9.3.1/../../../../arm-none-eabi/lib/thumb/v7e-m+fp/hard\libc_nano.a(lib_a-signal.o)
                0x08003a1c                __sigtramp
 .text._kill_r  0x08003a2c       0x24 c:/users/kaz/development/gcc-arm-none-eabi-9-2020-q2-update-win32/bin/../lib/gcc/arm-none-eabi/9.3.1/../../../../arm-none-eabi/lib/thumb/v7e-m+fp/hard\libc_nano.a(lib_a-signalr.o)
                0x08003a2c                _kill_r
 .text._getpid_r
                0x08003a50        0x4 c:/users/kaz/development/gcc-arm-none-eabi-9-2020-q2-update-win32/bin/../lib/gcc/arm-none-eabi/9.3.1/../../../../arm-none-eabi/lib/thumb/v7e-m+fp/hard\libc_nano.a(lib_a-signalr.o)
                0x08003a50                _getpid_r
 .text.gettimeofday
                0x08003a54       0x10 c:/users/kaz/development/gcc-arm-none-eabi-9-2020-q2-update-win32/bin/../lib/gcc/arm-none-eabi/9.3.1/../../../../arm-none-eabi/lib/thumb/v7e-m+fp/hard\libc_nano.a(lib_a-sysgettod.o)
                0x08003a54                gettimeofday
 .text.__register_exitproc
                0x08003a64       0xc4 c:/users/kaz/development/gcc-arm-none-eabi-9-2020-q2-update-win32/bin/../lib/gcc/arm-none-eabi/9.3.1/../../../../arm-none-eabi/lib/thumb/v7e-m+fp/hard\libc_nano.a(lib_a-__atexit.o)
                0x08003a64                __register_exitproc
 .text.__call_exitprocs
                0x08003b28       0xbc c:/users/kaz/development/gcc-arm-none-eabi-9-2020-q2-update-win32/bin/../lib/gcc/arm-none-eabi/9.3.1/../../../../arm-none-eabi/lib/thumb/v7e-m+fp/hard\libc_nano.a(lib_a-__call_atexit.o)
                0x08003b28                __call_exitprocs
 .text._gettimeofday_r
                0x08003be4       0x24 c:/users/kaz/development/gcc-arm-none-eabi-9-2020-q2-update-win32/bin/../lib/gcc/arm-none-eabi/9.3.1/../../../../arm-none-eabi/lib/thumb/v7e-m+fp/hard\libc_nano.a(lib_a-gettimeofdayr.o)
                0x08003be4                _gettimeofday_r
 .text.memcpy   0x08003c08       0x1c c:/users/kaz/development/gcc-arm-none-eabi-9-2020-q2-update-win32/bin/../lib/gcc/arm-none-eabi/9.3.1/../../../../arm-none-eabi/lib/thumb/v7e-m+fp/hard\libc_nano.a(lib_a-memcpy-stub.o)
                0x08003c08                memcpy
 .text._getpid  0x08003c24       0x10 c:/users/kaz/development/gcc-arm-none-eabi-9-2020-q2-update-win32/bin/../lib/gcc/arm-none-eabi/9.3.1/../../../../arm-none-eabi/lib/thumb/v7e-m+fp/hard\libnosys.a(getpid.o)
                0x08003c24                _getpid
 .text._gettimeofday
                0x08003c34       0x10 c:/users/kaz/development/gcc-arm-none-eabi-9-2020-q2-update-win32/bin/../lib/gcc/arm-none-eabi/9.3.1/../../../../arm-none-eabi/lib/thumb/v7e-m+fp/hard\libnosys.a(gettod.o)
                0x08003c34                _gettimeofday
 .text._kill    0x08003c44       0x10 c:/users/kaz/development/gcc-arm-none-eabi-9-2020-q2-update-win32/bin/../lib/gcc/arm-none-eabi/9.3.1/../../../../arm-none-eabi/lib/thumb/v7e-m+fp/hard\libnosys.a(kill.o)
                0x08003c44                _kill
 *(.glue_7)
 .glue_7        0x08003c54        0x0 linker stubs
 *(.glue_7t)
 .glue_7t       0x08003c54        0x0 linker stubs
 *(.eh_frame)
 .eh_frame      0x08003c54        0x0 c:/users/kaz/development/gcc-arm-none-eabi-9-2020-q2-update-win32/bin/../lib/gcc/arm-none-eabi/9.3.1/thumb/v7e-m+fp/hard/crtbegin.o
 .eh_frame      0x08003c54        0x4 c:/users/kaz/development/gcc-arm-none-eabi-9-2020-q2-update-win32/bin/../lib/gcc/arm-none-eabi/9.3.1/thumb/v7e-m+fp/hard/crtend.o
 *(.init)
 .init          0x08003c58        0x4 c:/users/kaz/development/gcc-arm-none-eabi-9-2020-q2-update-win32/bin/../lib/gcc/arm-none-eabi/9.3.1/thumb/v7e-m+fp/hard/crti.o
                0x08003c58                _init
 .init          0x08003c5c        0x8 c:/users/kaz/development/gcc-arm-none-eabi-9-2020-q2-update-win32/bin/../lib/gcc/arm-none-eabi/9.3.1/thumb/v7e-m+fp/hard/crtn.o
 *(.fini)
 .fini          0x08003c64        0x4 c:/users/kaz/development/gcc-arm-none-eabi-9-2020-q2-update-win32/bin/../lib/gcc/arm-none-eabi/9.3.1/thumb/v7e-m+fp/hard/crti.o
                0x08003c64                _fini
 .fini          0x08003c68        0x8 c:/users/kaz/development/gcc-arm-none-eabi-9-2020-q2-update-win32/bin/../lib/gcc/arm-none-eabi/9.3.1/thumb/v7e-m+fp/hard/crtn.o
                0x08003c70                . = ALIGN (0x8)
                0x08003c70                _etext = .

.vfp11_veneer   0x08003c70        0x0
 .vfp11_veneer  0x08003c70        0x0 linker stubs

.v4_bx          0x08003c70        0x0
 .v4_bx         0x08003c70        0x0 linker stubs

.iplt           0x08003c70        0x0
 .iplt          0x08003c70        0x0 c:/users/kaz/development/gcc-arm-none-eabi-9-2020-q2-update-win32/bin/../lib/gcc/arm-none-eabi/9.3.1/thumb/v7e-m+fp/hard/crtbegin.o

.rodata         0x08003c70       0xc8
                0x08003c70                . = ALIGN (0x8)
 *(.rodata)
 .rodata        0x08003c70       0xbc C:\Users\kaz\AppData\Local\Temp\PWMDivider.debug.M2WOVB.ltrans0.ltrans.o
 *(.rodata*)
 .rodata._global_impure_ptr
                0x08003d2c        0x4 c:/users/kaz/development/gcc-arm-none-eabi-9-2020-q2-update-win32/bin/../lib/gcc/arm-none-eabi/9.3.1/../../../../arm-none-eabi/lib/thumb/v7e-m+fp/hard\libc_nano.a(lib_a-impure.o)
                0x08003d2c                _global_impure_ptr
 .rodata._ZSt7nothrow
                0x08003d30        0x1 c:/users/kaz/development/gcc-arm-none-eabi-9-2020-q2-update-win32/bin/../lib/gcc/arm-none-eabi/9.3.1/../../../../arm-none-eabi/lib/thumb/v7e-m+fp/hard\libstdc++_nano.a(new_handler.o)
                0x08003d30                std::nothrow
 .rodata._ZNSt6chrono3_V212steady_clock9is_steadyE
                0x08003d31        0x1 c:/users/kaz/development/gcc-arm-none-eabi-9-2020-q2-update-win32/bin/../lib/gcc/arm-none-eabi/9.3.1/../../../../arm-none-eabi/lib/thumb/v7e-m+fp/hard\libstdc++_nano.a(chrono.o)
                0x08003d31                std::chrono::_V2::steady_clock::is_steady
 .rodata._ZNSt6chrono3_V212system_clock9is_steadyE
                0x08003d32        0x1 c:/users/kaz/development/gcc-arm-none-eabi-9-2020-q2-update-win32/bin/../lib/gcc/arm-none-eabi/9.3.1/../../../../arm-none-eabi/lib/thumb/v7e-m+fp/hard\libstdc++_nano.a(chrono.o)
                0x08003d32                std::chrono::_V2::system_clock::is_steady
                0x08003d38                . = ALIGN (0x8)
 *fill*         0x08003d33        0x5 

.ARM.extab      0x08003d38        0x0
                0x08003d38                . = ALIGN (0x8)
 *(.ARM.extab* .gnu.linkonce.armextab.*)
 .ARM.extab     0x08003d38        0x0 c:/users/kaz/development/gcc-arm-none-eabi-9-2020-q2-update-win32/bin/../lib/gcc/arm-none-eabi/9.3.1/../../../../arm-none-eabi/lib/thumb/v7e-m+fp/hard/crt0.o
 .ARM.extab     0x08003d38        0x0 c:/users/kaz/development/gcc-arm-none-eabi-9-2020-q2-update-win32/bin/../lib/gcc/arm-none-eabi/9.3.1/thumb/v7e-m+fp/hard\libgcc.a(emutls.o)
                0x08003d38                . = ALIGN (0x8)

.ARM            0x08003d38        0x8
                0x08003d38                . = ALIGN (0x8)
                0x08003d38                __exidx_start = .
 *(.ARM.exidx*)
 .ARM.exidx     0x08003d38        0x8 c:/users/kaz/development/gcc-arm-none-eabi-9-2020-q2-update-win32/bin/../lib/gcc/arm-none-eabi/9.3.1/../../../../arm-none-eabi/lib/thumb/v7e-m+fp/hard/crt0.o
                                 0x10 (size before relaxing)
 .ARM.exidx     0x08003d40        0x0 c:/users/kaz/development/gcc-arm-none-eabi-9-2020-q2-update-win32/bin/../lib/gcc/arm-none-eabi/9.3.1/thumb/v7e-m+fp/hard\libgcc.a(emutls.o)
                                 0x20 (size before relaxing)
                0x08003d40                __exidx_end = .
                0x08003d40                . = ALIGN (0x8)

.rel.dyn        0x08003d40        0x0
 .rel.iplt      0x08003d40        0x0 c:/users/kaz/development/gcc-arm-none-eabi-9-2020-q2-update-win32/bin/../lib/gcc/arm-none-eabi/9.3.1/thumb/v7e-m+fp/hard/crtbegin.o

.preinit_array  0x08003d40        0x0
                0x08003d40                . = ALIGN (0x8)
                0x08003d40                PROVIDE (__preinit_array_start = .)
 *(.preinit_array*)
                0x08003d40                PROVIDE (__preinit_array_end = .)
                0x08003d40                . = ALIGN (0x8)

.init_array     0x08003d40        0x8
                0x08003d40                . = ALIGN (0x8)
                0x08003d40                PROVIDE (__init_array_start = .)
 *(SORT_BY_NAME(.init_array.*))
 *(.init_array*)
 .init_array    0x08003d40        0x4 c:/users/kaz/development/gcc-arm-none-eabi-9-2020-q2-update-win32/bin/../lib/gcc/arm-none-eabi/9.3.1/thumb/v7e-m+fp/hard/crtbegin.o
                0x08003d44                PROVIDE (__init_array_end = .)
                0x08003d48                . = ALIGN (0x8)
 *fill*         0x08003d44        0x4 

.fini_array     0x08003d48        0x8
                0x08003d48                . = ALIGN (0x8)
                [!provide]                PROVIDE (__fini_array_start = .)
 *(SORT_BY_NAME(.fini_array.*))
 *(.fini_array*)
 .fini_array    0x08003d48        0x4 c:/users/kaz/development/gcc-arm-none-eabi-9-2020-q2-update-win32/bin/../lib/gcc/arm-none-eabi/9.3.1/thumb/v7e-m+fp/hard/crtbegin.o
                [!provide]                PROVIDE (__fini_array_end = .)
                0x08003d50                . = ALIGN (0x8)
 *fill*         0x08003d4c        0x4 
                0x08003d50                _sidata = LOADADDR (.data)

.data           0x20000000       0xc8 load address 0x08003d50
                0x20000000                . = ALIGN (0x8)
                0x20000000                _sdata = .
 *(.data)
 .data          0x20000000        0x0 c:/users/kaz/development/gcc-arm-none-eabi-9-2020-q2-update-win32/bin/../lib/gcc/arm-none-eabi/9.3.1/thumb/v7e-m+fp/hard/crti.o
 .data          0x20000000        0x4 c:/users/kaz/development/gcc-arm-none-eabi-9-2020-q2-update-win32/bin/../lib/gcc/arm-none-eabi/9.3.1/thumb/v7e-m+fp/hard/crtbegin.o
                0x20000000                __dso_handle
 .data          0x20000004        0x0 c:/users/kaz/development/gcc-arm-none-eabi-9-2020-q2-update-win32/bin/../lib/gcc/arm-none-eabi/9.3.1/../../../../arm-none-eabi/lib/thumb/v7e-m+fp/hard/crt0.o
 .data          0x20000004        0x0 build\startup_stm32l412xx.o
 .data          0x20000004       0x50 C:\Users\kaz\AppData\Local\Temp\PWMDivider.debug.M2WOVB.ltrans0.ltrans.o
 .data          0x20000054        0x0 build\boost_1_74_0\libs\context\libboost_context.a(jump_arm_aapcs_elf_gas.o)
 .data          0x20000054        0x0 build\boost_1_74_0\libs\context\libboost_context.a(make_arm_aapcs_elf_gas.o)
 .data          0x20000054        0x0 build\boost_1_74_0\libs\context\libboost_context.a(ontop_arm_aapcs_elf_gas.o)
 .data          0x20000054        0x0 c:/users/kaz/development/gcc-arm-none-eabi-9-2020-q2-update-win32/bin/../lib/gcc/arm-none-eabi/9.3.1/../../../../arm-none-eabi/lib/thumb/v7e-m+fp/hard\libc_nano.a(lib_a-exit.o)
 .data          0x20000054        0x0 c:/users/kaz/development/gcc-arm-none-eabi-9-2020-q2-update-win32/bin/../lib/gcc/arm-none-eabi/9.3.1/../../../../arm-none-eabi/lib/thumb/v7e-m+fp/hard\libc_nano.a(lib_a-impure.o)
 .data          0x20000054        0x0 c:/users/kaz/development/gcc-arm-none-eabi-9-2020-q2-update-win32/bin/../lib/gcc/arm-none-eabi/9.3.1/../../../../arm-none-eabi/lib/thumb/v7e-m+fp/hard\libc_nano.a(lib_a-init.o)
 .data          0x20000054        0x0 c:/users/kaz/development/gcc-arm-none-eabi-9-2020-q2-update-win32/bin/../lib/gcc/arm-none-eabi/9.3.1/../../../../arm-none-eabi/lib/thumb/v7e-m+fp/hard\libc_nano.a(lib_a-malloc.o)
 .data          0x20000054        0x0 c:/users/kaz/development/gcc-arm-none-eabi-9-2020-q2-update-win32/bin/../lib/gcc/arm-none-eabi/9.3.1/../../../../arm-none-eabi/lib/thumb/v7e-m+fp/hard\libc_nano.a(lib_a-memset.o)
 .data          0x20000054        0x0 c:/users/kaz/development/gcc-arm-none-eabi-9-2020-q2-update-win32/bin/../lib/gcc/arm-none-eabi/9.3.1/../../../../arm-none-eabi/lib/thumb/v7e-m+fp/hard\libc_nano.a(lib_a-nano-freer.o)
 .data          0x20000054        0x0 c:/users/kaz/development/gcc-arm-none-eabi-9-2020-q2-update-win32/bin/../lib/gcc/arm-none-eabi/9.3.1/../../../../arm-none-eabi/lib/thumb/v7e-m+fp/hard\libc_nano.a(lib_a-nano-mallocr.o)
 .data          0x20000054        0x0 c:/users/kaz/development/gcc-arm-none-eabi-9-2020-q2-update-win32/bin/../lib/gcc/arm-none-eabi/9.3.1/../../../../arm-none-eabi/lib/thumb/v7e-m+fp/hard\libc_nano.a(lib_a-sbrkr.o)
 .data          0x20000054        0x0 c:/users/kaz/development/gcc-arm-none-eabi-9-2020-q2-update-win32/bin/../lib/gcc/arm-none-eabi/9.3.1/../../../../arm-none-eabi/lib/thumb/v7e-m+fp/hard\libc_nano.a(lib_a-mlock.o)
 .data          0x20000054        0x0 c:/users/kaz/development/gcc-arm-none-eabi-9-2020-q2-update-win32/bin/../lib/gcc/arm-none-eabi/9.3.1/../../../../arm-none-eabi/lib/thumb/v7e-m+fp/hard\libc_nano.a(lib_a-reent.o)
 .data          0x20000054        0x0 c:/users/kaz/development/gcc-arm-none-eabi-9-2020-q2-update-win32/bin/../lib/gcc/arm-none-eabi/9.3.1/../../../../arm-none-eabi/lib/thumb/v7e-m+fp/hard\libc_nano.a(lib_a-lock.o)
 .data          0x20000054        0x0 c:/users/kaz/development/gcc-arm-none-eabi-9-2020-q2-update-win32/bin/../lib/gcc/arm-none-eabi/9.3.1/../../../../arm-none-eabi/lib/thumb/v7e-m+fp/hard\libnosys.a(sbrk.o)
 .data          0x20000054        0x0 c:/users/kaz/development/gcc-arm-none-eabi-9-2020-q2-update-win32/bin/../lib/gcc/arm-none-eabi/9.3.1/../../../../arm-none-eabi/lib/thumb/v7e-m+fp/hard\libnosys.a(_exit.o)
 .data          0x20000054        0x0 c:/users/kaz/development/gcc-arm-none-eabi-9-2020-q2-update-win32/bin/../lib/gcc/arm-none-eabi/9.3.1/../../../../arm-none-eabi/lib/thumb/v7e-m+fp/hard\libstdc++_nano.a(atexit_thread.o)
 .data          0x20000054        0x0 c:/users/kaz/development/gcc-arm-none-eabi-9-2020-q2-update-win32/bin/../lib/gcc/arm-none-eabi/9.3.1/../../../../arm-none-eabi/lib/thumb/v7e-m+fp/hard\libstdc++_nano.a(del_op.o)
 .data          0x20000054        0x0 c:/users/kaz/development/gcc-arm-none-eabi-9-2020-q2-update-win32/bin/../lib/gcc/arm-none-eabi/9.3.1/../../../../arm-none-eabi/lib/thumb/v7e-m+fp/hard\libstdc++_nano.a(del_ops.o)
 .data          0x20000054        0x0 c:/users/kaz/development/gcc-arm-none-eabi-9-2020-q2-update-win32/bin/../lib/gcc/arm-none-eabi/9.3.1/../../../../arm-none-eabi/lib/thumb/v7e-m+fp/hard\libstdc++_nano.a(eh_terminate.o)
 .data          0x20000054        0x0 c:/users/kaz/development/gcc-arm-none-eabi-9-2020-q2-update-win32/bin/../lib/gcc/arm-none-eabi/9.3.1/../../../../arm-none-eabi/lib/thumb/v7e-m+fp/hard\libstdc++_nano.a(eh_unex_handler.o)
 .data          0x20000054        0x0 c:/users/kaz/development/gcc-arm-none-eabi-9-2020-q2-update-win32/bin/../lib/gcc/arm-none-eabi/9.3.1/../../../../arm-none-eabi/lib/thumb/v7e-m+fp/hard\libstdc++_nano.a(new_handler.o)
 .data          0x20000054        0x0 c:/users/kaz/development/gcc-arm-none-eabi-9-2020-q2-update-win32/bin/../lib/gcc/arm-none-eabi/9.3.1/../../../../arm-none-eabi/lib/thumb/v7e-m+fp/hard\libstdc++_nano.a(new_op.o)
 .data          0x20000054        0x0 c:/users/kaz/development/gcc-arm-none-eabi-9-2020-q2-update-win32/bin/../lib/gcc/arm-none-eabi/9.3.1/../../../../arm-none-eabi/lib/thumb/v7e-m+fp/hard\libstdc++_nano.a(new_opnt.o)
 .data          0x20000054        0x0 c:/users/kaz/development/gcc-arm-none-eabi-9-2020-q2-update-win32/bin/../lib/gcc/arm-none-eabi/9.3.1/../../../../arm-none-eabi/lib/thumb/v7e-m+fp/hard\libstdc++_nano.a(tree.o)
 .data          0x20000054        0x0 c:/users/kaz/development/gcc-arm-none-eabi-9-2020-q2-update-win32/bin/../lib/gcc/arm-none-eabi/9.3.1/../../../../arm-none-eabi/lib/thumb/v7e-m+fp/hard\libstdc++_nano.a(chrono.o)
 .data          0x20000054        0x0 c:/users/kaz/development/gcc-arm-none-eabi-9-2020-q2-update-win32/bin/../lib/gcc/arm-none-eabi/9.3.1/../../../../arm-none-eabi/lib/thumb/v7e-m+fp/hard\libstdc++_nano.a(eh_term_handler.o)
 .data          0x20000054        0x0 c:/users/kaz/development/gcc-arm-none-eabi-9-2020-q2-update-win32/bin/../lib/gcc/arm-none-eabi/9.3.1/../../../../arm-none-eabi/lib/thumb/v7e-m+fp/hard\libc_nano.a(lib_a-abort.o)
 .data          0x20000054        0x0 c:/users/kaz/development/gcc-arm-none-eabi-9-2020-q2-update-win32/bin/../lib/gcc/arm-none-eabi/9.3.1/../../../../arm-none-eabi/lib/thumb/v7e-m+fp/hard\libc_nano.a(lib_a-atexit.o)
 .data          0x20000054        0x0 c:/users/kaz/development/gcc-arm-none-eabi-9-2020-q2-update-win32/bin/../lib/gcc/arm-none-eabi/9.3.1/../../../../arm-none-eabi/lib/thumb/v7e-m+fp/hard\libc_nano.a(lib_a-signal.o)
 .data          0x20000054        0x0 c:/users/kaz/development/gcc-arm-none-eabi-9-2020-q2-update-win32/bin/../lib/gcc/arm-none-eabi/9.3.1/../../../../arm-none-eabi/lib/thumb/v7e-m+fp/hard\libc_nano.a(lib_a-signalr.o)
 .data          0x20000054        0x0 c:/users/kaz/development/gcc-arm-none-eabi-9-2020-q2-update-win32/bin/../lib/gcc/arm-none-eabi/9.3.1/../../../../arm-none-eabi/lib/thumb/v7e-m+fp/hard\libc_nano.a(lib_a-sysgettod.o)
 .data          0x20000054        0x0 c:/users/kaz/development/gcc-arm-none-eabi-9-2020-q2-update-win32/bin/../lib/gcc/arm-none-eabi/9.3.1/../../../../arm-none-eabi/lib/thumb/v7e-m+fp/hard\libc_nano.a(lib_a-__atexit.o)
 .data          0x20000054        0x0 c:/users/kaz/development/gcc-arm-none-eabi-9-2020-q2-update-win32/bin/../lib/gcc/arm-none-eabi/9.3.1/../../../../arm-none-eabi/lib/thumb/v7e-m+fp/hard\libc_nano.a(lib_a-__call_atexit.o)
 .data          0x20000054        0x0 c:/users/kaz/development/gcc-arm-none-eabi-9-2020-q2-update-win32/bin/../lib/gcc/arm-none-eabi/9.3.1/../../../../arm-none-eabi/lib/thumb/v7e-m+fp/hard\libc_nano.a(lib_a-gettimeofdayr.o)
 .data          0x20000054        0x0 c:/users/kaz/development/gcc-arm-none-eabi-9-2020-q2-update-win32/bin/../lib/gcc/arm-none-eabi/9.3.1/../../../../arm-none-eabi/lib/thumb/v7e-m+fp/hard\libc_nano.a(lib_a-memcpy-stub.o)
 .data          0x20000054        0x0 c:/users/kaz/development/gcc-arm-none-eabi-9-2020-q2-update-win32/bin/../lib/gcc/arm-none-eabi/9.3.1/../../../../arm-none-eabi/lib/thumb/v7e-m+fp/hard\libnosys.a(getpid.o)
 .data          0x20000054        0x0 c:/users/kaz/development/gcc-arm-none-eabi-9-2020-q2-update-win32/bin/../lib/gcc/arm-none-eabi/9.3.1/../../../../arm-none-eabi/lib/thumb/v7e-m+fp/hard\libnosys.a(gettod.o)
 .data          0x20000054        0x0 c:/users/kaz/development/gcc-arm-none-eabi-9-2020-q2-update-win32/bin/../lib/gcc/arm-none-eabi/9.3.1/../../../../arm-none-eabi/lib/thumb/v7e-m+fp/hard\libnosys.a(kill.o)
 .data          0x20000054        0x0 c:/users/kaz/development/gcc-arm-none-eabi-9-2020-q2-update-win32/bin/../lib/gcc/arm-none-eabi/9.3.1/thumb/v7e-m+fp/hard\libgcc.a(emutls.o)
 .data          0x20000054        0x0 c:/users/kaz/development/gcc-arm-none-eabi-9-2020-q2-update-win32/bin/../lib/gcc/arm-none-eabi/9.3.1/thumb/v7e-m+fp/hard/crtend.o
 .data          0x20000054        0x0 c:/users/kaz/development/gcc-arm-none-eabi-9-2020-q2-update-win32/bin/../lib/gcc/arm-none-eabi/9.3.1/thumb/v7e-m+fp/hard/crtn.o
 *(.data*)
 .data._impure_ptr
                0x20000054        0x4 c:/users/kaz/development/gcc-arm-none-eabi-9-2020-q2-update-win32/bin/../lib/gcc/arm-none-eabi/9.3.1/../../../../arm-none-eabi/lib/thumb/v7e-m+fp/hard\libc_nano.a(lib_a-impure.o)
                0x20000054                _impure_ptr
 .data.impure_data
                0x20000058       0x60 c:/users/kaz/development/gcc-arm-none-eabi-9-2020-q2-update-win32/bin/../lib/gcc/arm-none-eabi/9.3.1/../../../../arm-none-eabi/lib/thumb/v7e-m+fp/hard\libc_nano.a(lib_a-impure.o)
 .data._ZN10__cxxabiv120__unexpected_handlerE
                0x200000b8        0x4 c:/users/kaz/development/gcc-arm-none-eabi-9-2020-q2-update-win32/bin/../lib/gcc/arm-none-eabi/9.3.1/../../../../arm-none-eabi/lib/thumb/v7e-m+fp/hard\libstdc++_nano.a(eh_unex_handler.o)
                0x200000b8                __cxxabiv1::__unexpected_handler
 .data._ZN10__cxxabiv119__terminate_handlerE
                0x200000bc        0x4 c:/users/kaz/development/gcc-arm-none-eabi-9-2020-q2-update-win32/bin/../lib/gcc/arm-none-eabi/9.3.1/../../../../arm-none-eabi/lib/thumb/v7e-m+fp/hard\libstdc++_nano.a(eh_term_handler.o)
                0x200000bc                __cxxabiv1::__terminate_handler
 .data.__atexit_dummy
                0x200000c0        0x4 c:/users/kaz/development/gcc-arm-none-eabi-9-2020-q2-update-win32/bin/../lib/gcc/arm-none-eabi/9.3.1/../../../../arm-none-eabi/lib/thumb/v7e-m+fp/hard\libc_nano.a(lib_a-__atexit.o)
                0x200000c0                __atexit_dummy
 .data.__atexit_recursive_mutex
                0x200000c4        0x4 c:/users/kaz/development/gcc-arm-none-eabi-9-2020-q2-update-win32/bin/../lib/gcc/arm-none-eabi/9.3.1/../../../../arm-none-eabi/lib/thumb/v7e-m+fp/hard\libc_nano.a(lib_a-__call_atexit.o)
                0x200000c4                __atexit_recursive_mutex
                0x200000c8                . = ALIGN (0x8)
                0x200000c8                _edata = .

.igot.plt       0x200000c8        0x0 load address 0x08003e18
 .igot.plt      0x200000c8        0x0 c:/users/kaz/development/gcc-arm-none-eabi-9-2020-q2-update-win32/bin/../lib/gcc/arm-none-eabi/9.3.1/thumb/v7e-m+fp/hard/crtbegin.o
                0x200000c8                . = ALIGN (0x4)

.bss            0x200000c8      0x170 load address 0x08003e18
                0x200000c8                _sbss = .
                0x200000c8                __bss_start__ = _sbss
 *(.bss)
 .bss           0x200000c8        0x0 c:/users/kaz/development/gcc-arm-none-eabi-9-2020-q2-update-win32/bin/../lib/gcc/arm-none-eabi/9.3.1/thumb/v7e-m+fp/hard/crti.o
 .bss           0x200000c8       0x1c c:/users/kaz/development/gcc-arm-none-eabi-9-2020-q2-update-win32/bin/../lib/gcc/arm-none-eabi/9.3.1/thumb/v7e-m+fp/hard/crtbegin.o
 .bss           0x200000e4        0x0 c:/users/kaz/development/gcc-arm-none-eabi-9-2020-q2-update-win32/bin/../lib/gcc/arm-none-eabi/9.3.1/../../../../arm-none-eabi/lib/thumb/v7e-m+fp/hard/crt0.o
 .bss           0x200000e4        0x0 build\startup_stm32l412xx.o
 .bss           0x200000e4       0x9c C:\Users\kaz\AppData\Local\Temp\PWMDivider.debug.M2WOVB.ltrans0.ltrans.o
 .bss           0x20000180        0x0 build\boost_1_74_0\libs\context\libboost_context.a(jump_arm_aapcs_elf_gas.o)
 .bss           0x20000180        0x0 build\boost_1_74_0\libs\context\libboost_context.a(make_arm_aapcs_elf_gas.o)
 .bss           0x20000180        0x0 build\boost_1_74_0\libs\context\libboost_context.a(ontop_arm_aapcs_elf_gas.o)
 .bss           0x20000180        0x0 c:/users/kaz/development/gcc-arm-none-eabi-9-2020-q2-update-win32/bin/../lib/gcc/arm-none-eabi/9.3.1/../../../../arm-none-eabi/lib/thumb/v7e-m+fp/hard\libc_nano.a(lib_a-exit.o)
 .bss           0x20000180        0x0 c:/users/kaz/development/gcc-arm-none-eabi-9-2020-q2-update-win32/bin/../lib/gcc/arm-none-eabi/9.3.1/../../../../arm-none-eabi/lib/thumb/v7e-m+fp/hard\libc_nano.a(lib_a-impure.o)
 .bss           0x20000180        0x0 c:/users/kaz/development/gcc-arm-none-eabi-9-2020-q2-update-win32/bin/../lib/gcc/arm-none-eabi/9.3.1/../../../../arm-none-eabi/lib/thumb/v7e-m+fp/hard\libc_nano.a(lib_a-init.o)
 .bss           0x20000180        0x0 c:/users/kaz/development/gcc-arm-none-eabi-9-2020-q2-update-win32/bin/../lib/gcc/arm-none-eabi/9.3.1/../../../../arm-none-eabi/lib/thumb/v7e-m+fp/hard\libc_nano.a(lib_a-malloc.o)
 .bss           0x20000180        0x0 c:/users/kaz/development/gcc-arm-none-eabi-9-2020-q2-update-win32/bin/../lib/gcc/arm-none-eabi/9.3.1/../../../../arm-none-eabi/lib/thumb/v7e-m+fp/hard\libc_nano.a(lib_a-memset.o)
 .bss           0x20000180        0x0 c:/users/kaz/development/gcc-arm-none-eabi-9-2020-q2-update-win32/bin/../lib/gcc/arm-none-eabi/9.3.1/../../../../arm-none-eabi/lib/thumb/v7e-m+fp/hard\libc_nano.a(lib_a-nano-freer.o)
 .bss           0x20000180        0x0 c:/users/kaz/development/gcc-arm-none-eabi-9-2020-q2-update-win32/bin/../lib/gcc/arm-none-eabi/9.3.1/../../../../arm-none-eabi/lib/thumb/v7e-m+fp/hard\libc_nano.a(lib_a-nano-mallocr.o)
 .bss           0x20000180        0x0 c:/users/kaz/development/gcc-arm-none-eabi-9-2020-q2-update-win32/bin/../lib/gcc/arm-none-eabi/9.3.1/../../../../arm-none-eabi/lib/thumb/v7e-m+fp/hard\libc_nano.a(lib_a-sbrkr.o)
 .bss           0x20000180        0x0 c:/users/kaz/development/gcc-arm-none-eabi-9-2020-q2-update-win32/bin/../lib/gcc/arm-none-eabi/9.3.1/../../../../arm-none-eabi/lib/thumb/v7e-m+fp/hard\libc_nano.a(lib_a-mlock.o)
 .bss           0x20000180        0x0 c:/users/kaz/development/gcc-arm-none-eabi-9-2020-q2-update-win32/bin/../lib/gcc/arm-none-eabi/9.3.1/../../../../arm-none-eabi/lib/thumb/v7e-m+fp/hard\libc_nano.a(lib_a-reent.o)
 .bss           0x20000180        0x0 c:/users/kaz/development/gcc-arm-none-eabi-9-2020-q2-update-win32/bin/../lib/gcc/arm-none-eabi/9.3.1/../../../../arm-none-eabi/lib/thumb/v7e-m+fp/hard\libc_nano.a(lib_a-lock.o)
 .bss           0x20000180        0x0 c:/users/kaz/development/gcc-arm-none-eabi-9-2020-q2-update-win32/bin/../lib/gcc/arm-none-eabi/9.3.1/../../../../arm-none-eabi/lib/thumb/v7e-m+fp/hard\libnosys.a(sbrk.o)
 .bss           0x20000180        0x0 c:/users/kaz/development/gcc-arm-none-eabi-9-2020-q2-update-win32/bin/../lib/gcc/arm-none-eabi/9.3.1/../../../../arm-none-eabi/lib/thumb/v7e-m+fp/hard\libnosys.a(_exit.o)
 .bss           0x20000180        0x0 c:/users/kaz/development/gcc-arm-none-eabi-9-2020-q2-update-win32/bin/../lib/gcc/arm-none-eabi/9.3.1/../../../../arm-none-eabi/lib/thumb/v7e-m+fp/hard\libstdc++_nano.a(atexit_thread.o)
 .bss           0x20000180        0x0 c:/users/kaz/development/gcc-arm-none-eabi-9-2020-q2-update-win32/bin/../lib/gcc/arm-none-eabi/9.3.1/../../../../arm-none-eabi/lib/thumb/v7e-m+fp/hard\libstdc++_nano.a(del_op.o)
 .bss           0x20000180        0x0 c:/users/kaz/development/gcc-arm-none-eabi-9-2020-q2-update-win32/bin/../lib/gcc/arm-none-eabi/9.3.1/../../../../arm-none-eabi/lib/thumb/v7e-m+fp/hard\libstdc++_nano.a(del_ops.o)
 .bss           0x20000180        0x0 c:/users/kaz/development/gcc-arm-none-eabi-9-2020-q2-update-win32/bin/../lib/gcc/arm-none-eabi/9.3.1/../../../../arm-none-eabi/lib/thumb/v7e-m+fp/hard\libstdc++_nano.a(eh_terminate.o)
 .bss           0x20000180        0x0 c:/users/kaz/development/gcc-arm-none-eabi-9-2020-q2-update-win32/bin/../lib/gcc/arm-none-eabi/9.3.1/../../../../arm-none-eabi/lib/thumb/v7e-m+fp/hard\libstdc++_nano.a(eh_unex_handler.o)
 .bss           0x20000180        0x0 c:/users/kaz/development/gcc-arm-none-eabi-9-2020-q2-update-win32/bin/../lib/gcc/arm-none-eabi/9.3.1/../../../../arm-none-eabi/lib/thumb/v7e-m+fp/hard\libstdc++_nano.a(new_handler.o)
 .bss           0x20000180        0x0 c:/users/kaz/development/gcc-arm-none-eabi-9-2020-q2-update-win32/bin/../lib/gcc/arm-none-eabi/9.3.1/../../../../arm-none-eabi/lib/thumb/v7e-m+fp/hard\libstdc++_nano.a(new_op.o)
 .bss           0x20000180        0x0 c:/users/kaz/development/gcc-arm-none-eabi-9-2020-q2-update-win32/bin/../lib/gcc/arm-none-eabi/9.3.1/../../../../arm-none-eabi/lib/thumb/v7e-m+fp/hard\libstdc++_nano.a(new_opnt.o)
 .bss           0x20000180        0x0 c:/users/kaz/development/gcc-arm-none-eabi-9-2020-q2-update-win32/bin/../lib/gcc/arm-none-eabi/9.3.1/../../../../arm-none-eabi/lib/thumb/v7e-m+fp/hard\libstdc++_nano.a(tree.o)
 .bss           0x20000180        0x0 c:/users/kaz/development/gcc-arm-none-eabi-9-2020-q2-update-win32/bin/../lib/gcc/arm-none-eabi/9.3.1/../../../../arm-none-eabi/lib/thumb/v7e-m+fp/hard\libstdc++_nano.a(chrono.o)
 .bss           0x20000180        0x0 c:/users/kaz/development/gcc-arm-none-eabi-9-2020-q2-update-win32/bin/../lib/gcc/arm-none-eabi/9.3.1/../../../../arm-none-eabi/lib/thumb/v7e-m+fp/hard\libstdc++_nano.a(eh_term_handler.o)
 .bss           0x20000180        0x0 c:/users/kaz/development/gcc-arm-none-eabi-9-2020-q2-update-win32/bin/../lib/gcc/arm-none-eabi/9.3.1/../../../../arm-none-eabi/lib/thumb/v7e-m+fp/hard\libc_nano.a(lib_a-abort.o)
 .bss           0x20000180        0x0 c:/users/kaz/development/gcc-arm-none-eabi-9-2020-q2-update-win32/bin/../lib/gcc/arm-none-eabi/9.3.1/../../../../arm-none-eabi/lib/thumb/v7e-m+fp/hard\libc_nano.a(lib_a-atexit.o)
 .bss           0x20000180        0x0 c:/users/kaz/development/gcc-arm-none-eabi-9-2020-q2-update-win32/bin/../lib/gcc/arm-none-eabi/9.3.1/../../../../arm-none-eabi/lib/thumb/v7e-m+fp/hard\libc_nano.a(lib_a-signal.o)
 .bss           0x20000180        0x0 c:/users/kaz/development/gcc-arm-none-eabi-9-2020-q2-update-win32/bin/../lib/gcc/arm-none-eabi/9.3.1/../../../../arm-none-eabi/lib/thumb/v7e-m+fp/hard\libc_nano.a(lib_a-signalr.o)
 .bss           0x20000180        0x0 c:/users/kaz/development/gcc-arm-none-eabi-9-2020-q2-update-win32/bin/../lib/gcc/arm-none-eabi/9.3.1/../../../../arm-none-eabi/lib/thumb/v7e-m+fp/hard\libc_nano.a(lib_a-sysgettod.o)
 .bss           0x20000180        0x0 c:/users/kaz/development/gcc-arm-none-eabi-9-2020-q2-update-win32/bin/../lib/gcc/arm-none-eabi/9.3.1/../../../../arm-none-eabi/lib/thumb/v7e-m+fp/hard\libc_nano.a(lib_a-__atexit.o)
 .bss           0x20000180        0x0 c:/users/kaz/development/gcc-arm-none-eabi-9-2020-q2-update-win32/bin/../lib/gcc/arm-none-eabi/9.3.1/../../../../arm-none-eabi/lib/thumb/v7e-m+fp/hard\libc_nano.a(lib_a-__call_atexit.o)
 .bss           0x20000180        0x0 c:/users/kaz/development/gcc-arm-none-eabi-9-2020-q2-update-win32/bin/../lib/gcc/arm-none-eabi/9.3.1/../../../../arm-none-eabi/lib/thumb/v7e-m+fp/hard\libc_nano.a(lib_a-gettimeofdayr.o)
 .bss           0x20000180        0x0 c:/users/kaz/development/gcc-arm-none-eabi-9-2020-q2-update-win32/bin/../lib/gcc/arm-none-eabi/9.3.1/../../../../arm-none-eabi/lib/thumb/v7e-m+fp/hard\libc_nano.a(lib_a-memcpy-stub.o)
 .bss           0x20000180        0x0 c:/users/kaz/development/gcc-arm-none-eabi-9-2020-q2-update-win32/bin/../lib/gcc/arm-none-eabi/9.3.1/../../../../arm-none-eabi/lib/thumb/v7e-m+fp/hard\libnosys.a(getpid.o)
 .bss           0x20000180        0x0 c:/users/kaz/development/gcc-arm-none-eabi-9-2020-q2-update-win32/bin/../lib/gcc/arm-none-eabi/9.3.1/../../../../arm-none-eabi/lib/thumb/v7e-m+fp/hard\libnosys.a(gettod.o)
 .bss           0x20000180        0x0 c:/users/kaz/development/gcc-arm-none-eabi-9-2020-q2-update-win32/bin/../lib/gcc/arm-none-eabi/9.3.1/../../../../arm-none-eabi/lib/thumb/v7e-m+fp/hard\libnosys.a(kill.o)
 .bss           0x20000180        0x0 c:/users/kaz/development/gcc-arm-none-eabi-9-2020-q2-update-win32/bin/../lib/gcc/arm-none-eabi/9.3.1/thumb/v7e-m+fp/hard\libgcc.a(emutls.o)
 .bss           0x20000180        0x0 c:/users/kaz/development/gcc-arm-none-eabi-9-2020-q2-update-win32/bin/../lib/gcc/arm-none-eabi/9.3.1/thumb/v7e-m+fp/hard/crtend.o
 .bss           0x20000180        0x0 c:/users/kaz/development/gcc-arm-none-eabi-9-2020-q2-update-win32/bin/../lib/gcc/arm-none-eabi/9.3.1/thumb/v7e-m+fp/hard/crtn.o
 *(.bss*)
 .bss.__malloc_free_list
                0x20000180        0x4 c:/users/kaz/development/gcc-arm-none-eabi-9-2020-q2-update-win32/bin/../lib/gcc/arm-none-eabi/9.3.1/../../../../arm-none-eabi/lib/thumb/v7e-m+fp/hard\libc_nano.a(lib_a-nano-mallocr.o)
                0x20000180                __malloc_free_list
 .bss.__malloc_sbrk_start
                0x20000184        0x4 c:/users/kaz/development/gcc-arm-none-eabi-9-2020-q2-update-win32/bin/../lib/gcc/arm-none-eabi/9.3.1/../../../../arm-none-eabi/lib/thumb/v7e-m+fp/hard\libc_nano.a(lib_a-nano-mallocr.o)
                0x20000184                __malloc_sbrk_start
 .bss.heap_end.5507
                0x20000188        0x4 c:/users/kaz/development/gcc-arm-none-eabi-9-2020-q2-update-win32/bin/../lib/gcc/arm-none-eabi/9.3.1/../../../../arm-none-eabi/lib/thumb/v7e-m+fp/hard\libnosys.a(sbrk.o)
 .bss._ZN12_GLOBAL__N_113single_threadE
                0x2000018c        0x4 c:/users/kaz/development/gcc-arm-none-eabi-9-2020-q2-update-win32/bin/../lib/gcc/arm-none-eabi/9.3.1/../../../../arm-none-eabi/lib/thumb/v7e-m+fp/hard\libstdc++_nano.a(atexit_thread.o)
 .bss._ZZ19__cxa_thread_atexitE6queued
                0x20000190        0x1 c:/users/kaz/development/gcc-arm-none-eabi-9-2020-q2-update-win32/bin/../lib/gcc/arm-none-eabi/9.3.1/../../../../arm-none-eabi/lib/thumb/v7e-m+fp/hard\libstdc++_nano.a(atexit_thread.o)
 *fill*         0x20000191        0x3 
 .bss._ZN12_GLOBAL__N_113__new_handlerE
                0x20000194        0x4 c:/users/kaz/development/gcc-arm-none-eabi-9-2020-q2-update-win32/bin/../lib/gcc/arm-none-eabi/9.3.1/../../../../arm-none-eabi/lib/thumb/v7e-m+fp/hard\libstdc++_nano.a(new_handler.o)
 .bss._global_atexit0
                0x20000198       0x8c c:/users/kaz/development/gcc-arm-none-eabi-9-2020-q2-update-win32/bin/../lib/gcc/arm-none-eabi/9.3.1/../../../../arm-none-eabi/lib/thumb/v7e-m+fp/hard\libc_nano.a(lib_a-__atexit.o)
 .bss._global_atexit
                0x20000224        0x4 c:/users/kaz/development/gcc-arm-none-eabi-9-2020-q2-update-win32/bin/../lib/gcc/arm-none-eabi/9.3.1/../../../../arm-none-eabi/lib/thumb/v7e-m+fp/hard\libc_nano.a(lib_a-__call_atexit.o)
                0x20000224                _global_atexit
 *(COMMON)
 COMMON         0x20000228        0x4 c:/users/kaz/development/gcc-arm-none-eabi-9-2020-q2-update-win32/bin/../lib/gcc/arm-none-eabi/9.3.1/../../../../arm-none-eabi/lib/thumb/v7e-m+fp/hard\libc_nano.a(lib_a-reent.o)
                0x20000228                errno
 COMMON         0x2000022c        0x9 c:/users/kaz/development/gcc-arm-none-eabi-9-2020-q2-update-win32/bin/../lib/gcc/arm-none-eabi/9.3.1/../../../../arm-none-eabi/lib/thumb/v7e-m+fp/hard\libc_nano.a(lib_a-lock.o)
                0x2000022c                __lock___atexit_recursive_mutex
                0x2000022d                __lock___arc4random_mutex
                0x2000022e                __lock___env_recursive_mutex
                0x2000022f                __lock___sinit_recursive_mutex
                0x20000230                __lock___malloc_recursive_mutex
                0x20000231                __lock___at_quick_exit_mutex
                0x20000232                __lock___dd_hash_mutex
                0x20000233                __lock___tz_mutex
                0x20000234                __lock___sfp_recursive_mutex
                0x20000238                . = ALIGN (0x4)
 *fill*         0x20000235        0x3 
                0x20000238                _ebss = .
                0x20000238                __bss_end__ = _ebss

._user_heap_stack
                0x20000238      0x600 load address 0x08003e18
                0x20000238                . = ALIGN (0x8)
                0x20000238                PROVIDE (end = .)
                [!provide]                PROVIDE (_end = .)
                0x20000438                . = (. + _Min_Heap_Size)
 *fill*         0x20000238      0x200 
                0x20000838                . = (. + _Min_Stack_Size)
 *fill*         0x20000438      0x400 
                0x20000838                . = ALIGN (0x8)

/DISCARD/
 libc.a(*)
 libm.a(*)
 libgcc.a(*)

.ARM.attributes
                0x00000000       0x30
 *(.ARM.attributes)
 .ARM.attributes
                0x00000000       0x1e c:/users/kaz/development/gcc-arm-none-eabi-9-2020-q2-update-win32/bin/../lib/gcc/arm-none-eabi/9.3.1/thumb/v7e-m+fp/hard/crti.o
 .ARM.attributes
                0x0000001e       0x34 c:/users/kaz/development/gcc-arm-none-eabi-9-2020-q2-update-win32/bin/../lib/gcc/arm-none-eabi/9.3.1/thumb/v7e-m+fp/hard/crtbegin.o
 .ARM.attributes
                0x00000052       0x1c c:/users/kaz/development/gcc-arm-none-eabi-9-2020-q2-update-win32/bin/../lib/gcc/arm-none-eabi/9.3.1/../../../../arm-none-eabi/lib/thumb/v7e-m+fp/hard/crt0.o
 .ARM.attributes
                0x0000006e       0x25 build\startup_stm32l412xx.o
 .ARM.attributes
                0x00000093       0x32 C:\Users\kaz\AppData\Local\Temp\PWMDivider.debug.M2WOVB.ltrans0.ltrans.o
 .ARM.attributes
                0x000000c5       0x20 build\boost_1_74_0\libs\context\libboost_context.a(jump_arm_aapcs_elf_gas.o)
 .ARM.attributes
                0x000000e5       0x20 build\boost_1_74_0\libs\context\libboost_context.a(make_arm_aapcs_elf_gas.o)
 .ARM.attributes
                0x00000105       0x20 build\boost_1_74_0\libs\context\libboost_context.a(ontop_arm_aapcs_elf_gas.o)
 .ARM.attributes
                0x00000125       0x34 c:/users/kaz/development/gcc-arm-none-eabi-9-2020-q2-update-win32/bin/../lib/gcc/arm-none-eabi/9.3.1/../../../../arm-none-eabi/lib/thumb/v7e-m+fp/hard\libc_nano.a(lib_a-exit.o)
 .ARM.attributes
                0x00000159       0x32 c:/users/kaz/development/gcc-arm-none-eabi-9-2020-q2-update-win32/bin/../lib/gcc/arm-none-eabi/9.3.1/../../../../arm-none-eabi/lib/thumb/v7e-m+fp/hard\libc_nano.a(lib_a-impure.o)
 .ARM.attributes
                0x0000018b       0x34 c:/users/kaz/development/gcc-arm-none-eabi-9-2020-q2-update-win32/bin/../lib/gcc/arm-none-eabi/9.3.1/../../../../arm-none-eabi/lib/thumb/v7e-m+fp/hard\libc_nano.a(lib_a-init.o)
 .ARM.attributes
                0x000001bf       0x34 c:/users/kaz/development/gcc-arm-none-eabi-9-2020-q2-update-win32/bin/../lib/gcc/arm-none-eabi/9.3.1/../../../../arm-none-eabi/lib/thumb/v7e-m+fp/hard\libc_nano.a(lib_a-malloc.o)
 .ARM.attributes
                0x000001f3       0x34 c:/users/kaz/development/gcc-arm-none-eabi-9-2020-q2-update-win32/bin/../lib/gcc/arm-none-eabi/9.3.1/../../../../arm-none-eabi/lib/thumb/v7e-m+fp/hard\libc_nano.a(lib_a-memset.o)
 .ARM.attributes
                0x00000227       0x34 c:/users/kaz/development/gcc-arm-none-eabi-9-2020-q2-update-win32/bin/../lib/gcc/arm-none-eabi/9.3.1/../../../../arm-none-eabi/lib/thumb/v7e-m+fp/hard\libc_nano.a(lib_a-nano-freer.o)
 .ARM.attributes
                0x0000025b       0x34 c:/users/kaz/development/gcc-arm-none-eabi-9-2020-q2-update-win32/bin/../lib/gcc/arm-none-eabi/9.3.1/../../../../arm-none-eabi/lib/thumb/v7e-m+fp/hard\libc_nano.a(lib_a-nano-mallocr.o)
 .ARM.attributes
                0x0000028f       0x34 c:/users/kaz/development/gcc-arm-none-eabi-9-2020-q2-update-win32/bin/../lib/gcc/arm-none-eabi/9.3.1/../../../../arm-none-eabi/lib/thumb/v7e-m+fp/hard\libc_nano.a(lib_a-sbrkr.o)
 .ARM.attributes
                0x000002c3       0x34 c:/users/kaz/development/gcc-arm-none-eabi-9-2020-q2-update-win32/bin/../lib/gcc/arm-none-eabi/9.3.1/../../../../arm-none-eabi/lib/thumb/v7e-m+fp/hard\libc_nano.a(lib_a-mlock.o)
 .ARM.attributes
                0x000002f7       0x34 c:/users/kaz/development/gcc-arm-none-eabi-9-2020-q2-update-win32/bin/../lib/gcc/arm-none-eabi/9.3.1/../../../../arm-none-eabi/lib/thumb/v7e-m+fp/hard\libc_nano.a(lib_a-reent.o)
 .ARM.attributes
                0x0000032b       0x34 c:/users/kaz/development/gcc-arm-none-eabi-9-2020-q2-update-win32/bin/../lib/gcc/arm-none-eabi/9.3.1/../../../../arm-none-eabi/lib/thumb/v7e-m+fp/hard\libc_nano.a(lib_a-lock.o)
 .ARM.attributes
                0x0000035f       0x34 c:/users/kaz/development/gcc-arm-none-eabi-9-2020-q2-update-win32/bin/../lib/gcc/arm-none-eabi/9.3.1/../../../../arm-none-eabi/lib/thumb/v7e-m+fp/hard\libnosys.a(sbrk.o)
 .ARM.attributes
                0x00000393       0x34 c:/users/kaz/development/gcc-arm-none-eabi-9-2020-q2-update-win32/bin/../lib/gcc/arm-none-eabi/9.3.1/../../../../arm-none-eabi/lib/thumb/v7e-m+fp/hard\libnosys.a(_exit.o)
 .ARM.attributes
                0x000003c7       0x34 c:/users/kaz/development/gcc-arm-none-eabi-9-2020-q2-update-win32/bin/../lib/gcc/arm-none-eabi/9.3.1/../../../../arm-none-eabi/lib/thumb/v7e-m+fp/hard\libstdc++_nano.a(atexit_thread.o)
 .ARM.attributes
                0x000003fb       0x34 c:/users/kaz/development/gcc-arm-none-eabi-9-2020-q2-update-win32/bin/../lib/gcc/arm-none-eabi/9.3.1/../../../../arm-none-eabi/lib/thumb/v7e-m+fp/hard\libstdc++_nano.a(del_op.o)
 .ARM.attributes
                0x0000042f       0x34 c:/users/kaz/development/gcc-arm-none-eabi-9-2020-q2-update-win32/bin/../lib/gcc/arm-none-eabi/9.3.1/../../../../arm-none-eabi/lib/thumb/v7e-m+fp/hard\libstdc++_nano.a(del_ops.o)
 .ARM.attributes
                0x00000463       0x34 c:/users/kaz/development/gcc-arm-none-eabi-9-2020-q2-update-win32/bin/../lib/gcc/arm-none-eabi/9.3.1/../../../../arm-none-eabi/lib/thumb/v7e-m+fp/hard\libstdc++_nano.a(eh_terminate.o)
 .ARM.attributes
                0x00000497       0x32 c:/users/kaz/development/gcc-arm-none-eabi-9-2020-q2-update-win32/bin/../lib/gcc/arm-none-eabi/9.3.1/../../../../arm-none-eabi/lib/thumb/v7e-m+fp/hard\libstdc++_nano.a(eh_unex_handler.o)
 .ARM.attributes
                0x000004c9       0x34 c:/users/kaz/development/gcc-arm-none-eabi-9-2020-q2-update-win32/bin/../lib/gcc/arm-none-eabi/9.3.1/../../../../arm-none-eabi/lib/thumb/v7e-m+fp/hard\libstdc++_nano.a(new_handler.o)
 .ARM.attributes
                0x000004fd       0x34 c:/users/kaz/development/gcc-arm-none-eabi-9-2020-q2-update-win32/bin/../lib/gcc/arm-none-eabi/9.3.1/../../../../arm-none-eabi/lib/thumb/v7e-m+fp/hard\libstdc++_nano.a(new_op.o)
 .ARM.attributes
                0x00000531       0x34 c:/users/kaz/development/gcc-arm-none-eabi-9-2020-q2-update-win32/bin/../lib/gcc/arm-none-eabi/9.3.1/../../../../arm-none-eabi/lib/thumb/v7e-m+fp/hard\libstdc++_nano.a(new_opnt.o)
 .ARM.attributes
                0x00000565       0x34 c:/users/kaz/development/gcc-arm-none-eabi-9-2020-q2-update-win32/bin/../lib/gcc/arm-none-eabi/9.3.1/../../../../arm-none-eabi/lib/thumb/v7e-m+fp/hard\libstdc++_nano.a(tree.o)
 .ARM.attributes
                0x00000599       0x34 c:/users/kaz/development/gcc-arm-none-eabi-9-2020-q2-update-win32/bin/../lib/gcc/arm-none-eabi/9.3.1/../../../../arm-none-eabi/lib/thumb/v7e-m+fp/hard\libstdc++_nano.a(chrono.o)
 .ARM.attributes
                0x000005cd       0x32 c:/users/kaz/development/gcc-arm-none-eabi-9-2020-q2-update-win32/bin/../lib/gcc/arm-none-eabi/9.3.1/../../../../arm-none-eabi/lib/thumb/v7e-m+fp/hard\libstdc++_nano.a(eh_term_handler.o)
 .ARM.attributes
                0x000005ff       0x34 c:/users/kaz/development/gcc-arm-none-eabi-9-2020-q2-update-win32/bin/../lib/gcc/arm-none-eabi/9.3.1/../../../../arm-none-eabi/lib/thumb/v7e-m+fp/hard\libc_nano.a(lib_a-abort.o)
 .ARM.attributes
                0x00000633       0x34 c:/users/kaz/development/gcc-arm-none-eabi-9-2020-q2-update-win32/bin/../lib/gcc/arm-none-eabi/9.3.1/../../../../arm-none-eabi/lib/thumb/v7e-m+fp/hard\libc_nano.a(lib_a-atexit.o)
 .ARM.attributes
                0x00000667       0x34 c:/users/kaz/development/gcc-arm-none-eabi-9-2020-q2-update-win32/bin/../lib/gcc/arm-none-eabi/9.3.1/../../../../arm-none-eabi/lib/thumb/v7e-m+fp/hard\libc_nano.a(lib_a-signal.o)
 .ARM.attributes
                0x0000069b       0x34 c:/users/kaz/development/gcc-arm-none-eabi-9-2020-q2-update-win32/bin/../lib/gcc/arm-none-eabi/9.3.1/../../../../arm-none-eabi/lib/thumb/v7e-m+fp/hard\libc_nano.a(lib_a-signalr.o)
 .ARM.attributes
                0x000006cf       0x34 c:/users/kaz/development/gcc-arm-none-eabi-9-2020-q2-update-win32/bin/../lib/gcc/arm-none-eabi/9.3.1/../../../../arm-none-eabi/lib/thumb/v7e-m+fp/hard\libc_nano.a(lib_a-sysgettod.o)
 .ARM.attributes
                0x00000703       0x34 c:/users/kaz/development/gcc-arm-none-eabi-9-2020-q2-update-win32/bin/../lib/gcc/arm-none-eabi/9.3.1/../../../../arm-none-eabi/lib/thumb/v7e-m+fp/hard\libc_nano.a(lib_a-__atexit.o)
 .ARM.attributes
                0x00000737       0x34 c:/users/kaz/development/gcc-arm-none-eabi-9-2020-q2-update-win32/bin/../lib/gcc/arm-none-eabi/9.3.1/../../../../arm-none-eabi/lib/thumb/v7e-m+fp/hard\libc_nano.a(lib_a-__call_atexit.o)
 .ARM.attributes
                0x0000076b       0x34 c:/users/kaz/development/gcc-arm-none-eabi-9-2020-q2-update-win32/bin/../lib/gcc/arm-none-eabi/9.3.1/../../../../arm-none-eabi/lib/thumb/v7e-m+fp/hard\libc_nano.a(lib_a-gettimeofdayr.o)
 .ARM.attributes
                0x0000079f       0x34 c:/users/kaz/development/gcc-arm-none-eabi-9-2020-q2-update-win32/bin/../lib/gcc/arm-none-eabi/9.3.1/../../../../arm-none-eabi/lib/thumb/v7e-m+fp/hard\libc_nano.a(lib_a-memcpy-stub.o)
 .ARM.attributes
                0x000007d3       0x34 c:/users/kaz/development/gcc-arm-none-eabi-9-2020-q2-update-win32/bin/../lib/gcc/arm-none-eabi/9.3.1/../../../../arm-none-eabi/lib/thumb/v7e-m+fp/hard\libnosys.a(getpid.o)
 .ARM.attributes
                0x00000807       0x34 c:/users/kaz/development/gcc-arm-none-eabi-9-2020-q2-update-win32/bin/../lib/gcc/arm-none-eabi/9.3.1/../../../../arm-none-eabi/lib/thumb/v7e-m+fp/hard\libnosys.a(gettod.o)
 .ARM.attributes
                0x0000083b       0x34 c:/users/kaz/development/gcc-arm-none-eabi-9-2020-q2-update-win32/bin/../lib/gcc/arm-none-eabi/9.3.1/../../../../arm-none-eabi/lib/thumb/v7e-m+fp/hard\libnosys.a(kill.o)
 .ARM.attributes
                0x0000086f       0x34 c:/users/kaz/development/gcc-arm-none-eabi-9-2020-q2-update-win32/bin/../lib/gcc/arm-none-eabi/9.3.1/thumb/v7e-m+fp/hard\libgcc.a(emutls.o)
 .ARM.attributes
                0x000008a3       0x32 c:/users/kaz/development/gcc-arm-none-eabi-9-2020-q2-update-win32/bin/../lib/gcc/arm-none-eabi/9.3.1/thumb/v7e-m+fp/hard/crtend.o
 .ARM.attributes
                0x000008d5       0x1e c:/users/kaz/development/gcc-arm-none-eabi-9-2020-q2-update-win32/bin/../lib/gcc/arm-none-eabi/9.3.1/thumb/v7e-m+fp/hard/crtn.o
OUTPUT(build\PWMDivider.debug elf32-littlearm)
LOAD linker stubs
LOAD c:/users/kaz/development/gcc-arm-none-eabi-9-2020-q2-update-win32/bin/../lib/gcc/arm-none-eabi/9.3.1/../../../../arm-none-eabi/lib/thumb/v7e-m+fp/hard\libc.a
LOAD c:/users/kaz/development/gcc-arm-none-eabi-9-2020-q2-update-win32/bin/../lib/gcc/arm-none-eabi/9.3.1/../../../../arm-none-eabi/lib/thumb/v7e-m+fp/hard\libm.a
LOAD c:/users/kaz/development/gcc-arm-none-eabi-9-2020-q2-update-win32/bin/../lib/gcc/arm-none-eabi/9.3.1/thumb/v7e-m+fp/hard\libgcc.a

.comment        0x00000000       0x4c
 .comment       0x00000000       0x4c C:\Users\kaz\AppData\Local\Temp\PWMDivider.debug.M2WOVB.ltrans0.ltrans.o
                                 0x4d (size before relaxing)

.note.GNU-stack
                0x00000000        0x0
 .note.GNU-stack
                0x00000000        0x0 build\boost_1_74_0\libs\context\libboost_context.a(jump_arm_aapcs_elf_gas.o)
 .note.GNU-stack
                0x00000000        0x0 build\boost_1_74_0\libs\context\libboost_context.a(make_arm_aapcs_elf_gas.o)
 .note.GNU-stack
                0x00000000        0x0 build\boost_1_74_0\libs\context\libboost_context.a(ontop_arm_aapcs_elf_gas.o)

.debug_frame    0x00000000      0x8d0
 .debug_frame   0x00000000       0x28 c:/users/kaz/development/gcc-arm-none-eabi-9-2020-q2-update-win32/bin/../lib/gcc/arm-none-eabi/9.3.1/../../../../arm-none-eabi/lib/thumb/v7e-m+fp/hard\libc_nano.a(lib_a-exit.o)
 .debug_frame   0x00000028       0x2c c:/users/kaz/development/gcc-arm-none-eabi-9-2020-q2-update-win32/bin/../lib/gcc/arm-none-eabi/9.3.1/../../../../arm-none-eabi/lib/thumb/v7e-m+fp/hard\libc_nano.a(lib_a-init.o)
 .debug_frame   0x00000054       0x30 c:/users/kaz/development/gcc-arm-none-eabi-9-2020-q2-update-win32/bin/../lib/gcc/arm-none-eabi/9.3.1/../../../../arm-none-eabi/lib/thumb/v7e-m+fp/hard\libc_nano.a(lib_a-malloc.o)
 .debug_frame   0x00000084       0x20 c:/users/kaz/development/gcc-arm-none-eabi-9-2020-q2-update-win32/bin/../lib/gcc/arm-none-eabi/9.3.1/../../../../arm-none-eabi/lib/thumb/v7e-m+fp/hard\libc_nano.a(lib_a-memset.o)
 .debug_frame   0x000000a4       0x38 c:/users/kaz/development/gcc-arm-none-eabi-9-2020-q2-update-win32/bin/../lib/gcc/arm-none-eabi/9.3.1/../../../../arm-none-eabi/lib/thumb/v7e-m+fp/hard\libc_nano.a(lib_a-nano-freer.o)
 .debug_frame   0x000000dc       0x30 c:/users/kaz/development/gcc-arm-none-eabi-9-2020-q2-update-win32/bin/../lib/gcc/arm-none-eabi/9.3.1/../../../../arm-none-eabi/lib/thumb/v7e-m+fp/hard\libc_nano.a(lib_a-nano-mallocr.o)
 .debug_frame   0x0000010c       0x2c c:/users/kaz/development/gcc-arm-none-eabi-9-2020-q2-update-win32/bin/../lib/gcc/arm-none-eabi/9.3.1/../../../../arm-none-eabi/lib/thumb/v7e-m+fp/hard\libc_nano.a(lib_a-sbrkr.o)
 .debug_frame   0x00000138       0x30 c:/users/kaz/development/gcc-arm-none-eabi-9-2020-q2-update-win32/bin/../lib/gcc/arm-none-eabi/9.3.1/../../../../arm-none-eabi/lib/thumb/v7e-m+fp/hard\libc_nano.a(lib_a-mlock.o)
 .debug_frame   0x00000168       0x5c c:/users/kaz/development/gcc-arm-none-eabi-9-2020-q2-update-win32/bin/../lib/gcc/arm-none-eabi/9.3.1/../../../../arm-none-eabi/lib/thumb/v7e-m+fp/hard\libc_nano.a(lib_a-reent.o)
 .debug_frame   0x000001c4       0xb0 c:/users/kaz/development/gcc-arm-none-eabi-9-2020-q2-update-win32/bin/../lib/gcc/arm-none-eabi/9.3.1/../../../../arm-none-eabi/lib/thumb/v7e-m+fp/hard\libc_nano.a(lib_a-lock.o)
 .debug_frame   0x00000274       0x20 c:/users/kaz/development/gcc-arm-none-eabi-9-2020-q2-update-win32/bin/../lib/gcc/arm-none-eabi/9.3.1/../../../../arm-none-eabi/lib/thumb/v7e-m+fp/hard\libnosys.a(sbrk.o)
 .debug_frame   0x00000294       0x20 c:/users/kaz/development/gcc-arm-none-eabi-9-2020-q2-update-win32/bin/../lib/gcc/arm-none-eabi/9.3.1/../../../../arm-none-eabi/lib/thumb/v7e-m+fp/hard\libnosys.a(_exit.o)
 .debug_frame   0x000002b4       0x4c c:/users/kaz/development/gcc-arm-none-eabi-9-2020-q2-update-win32/bin/../lib/gcc/arm-none-eabi/9.3.1/../../../../arm-none-eabi/lib/thumb/v7e-m+fp/hard\libstdc++_nano.a(atexit_thread.o)
 .debug_frame   0x00000300       0x20 c:/users/kaz/development/gcc-arm-none-eabi-9-2020-q2-update-win32/bin/../lib/gcc/arm-none-eabi/9.3.1/../../../../arm-none-eabi/lib/thumb/v7e-m+fp/hard\libstdc++_nano.a(del_op.o)
 .debug_frame   0x00000320       0x20 c:/users/kaz/development/gcc-arm-none-eabi-9-2020-q2-update-win32/bin/../lib/gcc/arm-none-eabi/9.3.1/../../../../arm-none-eabi/lib/thumb/v7e-m+fp/hard\libstdc++_nano.a(del_ops.o)
 .debug_frame   0x00000340       0xb0 c:/users/kaz/development/gcc-arm-none-eabi-9-2020-q2-update-win32/bin/../lib/gcc/arm-none-eabi/9.3.1/../../../../arm-none-eabi/lib/thumb/v7e-m+fp/hard\libstdc++_nano.a(eh_terminate.o)
 .debug_frame   0x000003f0       0x30 c:/users/kaz/development/gcc-arm-none-eabi-9-2020-q2-update-win32/bin/../lib/gcc/arm-none-eabi/9.3.1/../../../../arm-none-eabi/lib/thumb/v7e-m+fp/hard\libstdc++_nano.a(new_handler.o)
 .debug_frame   0x00000420       0x28 c:/users/kaz/development/gcc-arm-none-eabi-9-2020-q2-update-win32/bin/../lib/gcc/arm-none-eabi/9.3.1/../../../../arm-none-eabi/lib/thumb/v7e-m+fp/hard\libstdc++_nano.a(new_op.o)
 .debug_frame   0x00000448       0x20 c:/users/kaz/development/gcc-arm-none-eabi-9-2020-q2-update-win32/bin/../lib/gcc/arm-none-eabi/9.3.1/../../../../arm-none-eabi/lib/thumb/v7e-m+fp/hard\libstdc++_nano.a(new_opnt.o)
 .debug_frame   0x00000468      0x10c c:/users/kaz/development/gcc-arm-none-eabi-9-2020-q2-update-win32/bin/../lib/gcc/arm-none-eabi/9.3.1/../../../../arm-none-eabi/lib/thumb/v7e-m+fp/hard\libstdc++_nano.a(tree.o)
 .debug_frame   0x00000574       0x4c c:/users/kaz/development/gcc-arm-none-eabi-9-2020-q2-update-win32/bin/../lib/gcc/arm-none-eabi/9.3.1/../../../../arm-none-eabi/lib/thumb/v7e-m+fp/hard\libstdc++_nano.a(chrono.o)
 .debug_frame   0x000005c0       0x28 c:/users/kaz/development/gcc-arm-none-eabi-9-2020-q2-update-win32/bin/../lib/gcc/arm-none-eabi/9.3.1/../../../../arm-none-eabi/lib/thumb/v7e-m+fp/hard\libc_nano.a(lib_a-abort.o)
 .debug_frame   0x000005e8       0x20 c:/users/kaz/development/gcc-arm-none-eabi-9-2020-q2-update-win32/bin/../lib/gcc/arm-none-eabi/9.3.1/../../../../arm-none-eabi/lib/thumb/v7e-m+fp/hard\libc_nano.a(lib_a-atexit.o)
 .debug_frame   0x00000608       0xcc c:/users/kaz/development/gcc-arm-none-eabi-9-2020-q2-update-win32/bin/../lib/gcc/arm-none-eabi/9.3.1/../../../../arm-none-eabi/lib/thumb/v7e-m+fp/hard\libc_nano.a(lib_a-signal.o)
 .debug_frame   0x000006d4       0x3c c:/users/kaz/development/gcc-arm-none-eabi-9-2020-q2-update-win32/bin/../lib/gcc/arm-none-eabi/9.3.1/../../../../arm-none-eabi/lib/thumb/v7e-m+fp/hard\libc_nano.a(lib_a-signalr.o)
 .debug_frame   0x00000710       0x20 c:/users/kaz/development/gcc-arm-none-eabi-9-2020-q2-update-win32/bin/../lib/gcc/arm-none-eabi/9.3.1/../../../../arm-none-eabi/lib/thumb/v7e-m+fp/hard\libc_nano.a(lib_a-sysgettod.o)
 .debug_frame   0x00000730       0x34 c:/users/kaz/development/gcc-arm-none-eabi-9-2020-q2-update-win32/bin/../lib/gcc/arm-none-eabi/9.3.1/../../../../arm-none-eabi/lib/thumb/v7e-m+fp/hard\libc_nano.a(lib_a-__atexit.o)
 .debug_frame   0x00000764       0x48 c:/users/kaz/development/gcc-arm-none-eabi-9-2020-q2-update-win32/bin/../lib/gcc/arm-none-eabi/9.3.1/../../../../arm-none-eabi/lib/thumb/v7e-m+fp/hard\libc_nano.a(lib_a-__call_atexit.o)
 .debug_frame   0x000007ac       0x2c c:/users/kaz/development/gcc-arm-none-eabi-9-2020-q2-update-win32/bin/../lib/gcc/arm-none-eabi/9.3.1/../../../../arm-none-eabi/lib/thumb/v7e-m+fp/hard\libc_nano.a(lib_a-gettimeofdayr.o)
 .debug_frame   0x000007d8       0x28 c:/users/kaz/development/gcc-arm-none-eabi-9-2020-q2-update-win32/bin/../lib/gcc/arm-none-eabi/9.3.1/../../../../arm-none-eabi/lib/thumb/v7e-m+fp/hard\libc_nano.a(lib_a-memcpy-stub.o)
 .debug_frame   0x00000800       0x20 c:/users/kaz/development/gcc-arm-none-eabi-9-2020-q2-update-win32/bin/../lib/gcc/arm-none-eabi/9.3.1/../../../../arm-none-eabi/lib/thumb/v7e-m+fp/hard\libnosys.a(getpid.o)
 .debug_frame   0x00000820       0x20 c:/users/kaz/development/gcc-arm-none-eabi-9-2020-q2-update-win32/bin/../lib/gcc/arm-none-eabi/9.3.1/../../../../arm-none-eabi/lib/thumb/v7e-m+fp/hard\libnosys.a(gettod.o)
 .debug_frame   0x00000840       0x20 c:/users/kaz/development/gcc-arm-none-eabi-9-2020-q2-update-win32/bin/../lib/gcc/arm-none-eabi/9.3.1/../../../../arm-none-eabi/lib/thumb/v7e-m+fp/hard\libnosys.a(kill.o)
 .debug_frame   0x00000860       0x70 c:/users/kaz/development/gcc-arm-none-eabi-9-2020-q2-update-win32/bin/../lib/gcc/arm-none-eabi/9.3.1/thumb/v7e-m+fp/hard\libgcc.a(emutls.o)

.stab           0x00000000       0x54
 .stab          0x00000000       0x24 c:/users/kaz/development/gcc-arm-none-eabi-9-2020-q2-update-win32/bin/../lib/gcc/arm-none-eabi/9.3.1/../../../../arm-none-eabi/lib/thumb/v7e-m+fp/hard\libnosys.a(getpid.o)
 .stab          0x00000024       0x18 c:/users/kaz/development/gcc-arm-none-eabi-9-2020-q2-update-win32/bin/../lib/gcc/arm-none-eabi/9.3.1/../../../../arm-none-eabi/lib/thumb/v7e-m+fp/hard\libnosys.a(gettod.o)
                                 0x24 (size before relaxing)
 .stab          0x0000003c       0x18 c:/users/kaz/development/gcc-arm-none-eabi-9-2020-q2-update-win32/bin/../lib/gcc/arm-none-eabi/9.3.1/../../../../arm-none-eabi/lib/thumb/v7e-m+fp/hard\libnosys.a(kill.o)
                                 0x24 (size before relaxing)

.stabstr        0x00000000       0xba
 .stabstr       0x00000000       0xba c:/users/kaz/development/gcc-arm-none-eabi-9-2020-q2-update-win32/bin/../lib/gcc/arm-none-eabi/9.3.1/../../../../arm-none-eabi/lib/thumb/v7e-m+fp/hard\libnosys.a(getpid.o)

Cross Reference Table

Symbol                                            File
ADC1_2_IRQHandler                                 C:\Users\kaz\AppData\Local\Temp\PWMDivider.debug.M2WOVB.ltrans0.ltrans.o
                                                  stm32l4_interrupts.o (symbol from plugin)
                                                  build\startup_stm32l412xx.o
AHBPrescTable                                     system_stm32l4xx.o (symbol from plugin)
                                                  stm32l4xx_hal_rcc.o (symbol from plugin)
APBPrescTable                                     system_stm32l4xx.o (symbol from plugin)
                                                  stm32l4xx_hal_rcc.o (symbol from plugin)
BusFault_Handler                                  C:\Users\kaz\AppData\Local\Temp\PWMDivider.debug.M2WOVB.ltrans0.ltrans.o